<?xml version="1.0"?>
<link_info>
   <banner>TI ARM Linker PC v16.9.4.LTS</banner>
   <copyright>Copyright (c) 1996-2017 Texas Instruments Incorporated</copyright>
   <link_time>0x5a43620c</link_time>
   <link_errors>0x0</link_errors>
   <output_file>I:/PDI/Kit/EPD Extension Board GEN2/fw/V1_21/EPD Extension Board Gen2 (EXT2)_v1.21 formal/output/EK-TM4C123GXL.out</output_file>
   <entry_point>
      <name>_c_int00</name>
      <address>0x722d</address>
   </entry_point>
   <input_file_list>
      <input_file id="fl-2">
         <path>.\</path>
         <kind>object</kind>
         <file>tm4c123gh6pm_startup_ccs.obj</file>
         <name>tm4c123gh6pm_startup_ccs.obj</name>
      </input_file>
      <input_file id="fl-3">
         <path>.\src\HW_drivers\</path>
         <kind>object</kind>
         <file>Board_HW_Driver.obj</file>
         <name>Board_HW_Driver.obj</name>
      </input_file>
      <input_file id="fl-4">
         <path>.\src\HW_drivers\</path>
         <kind>object</kind>
         <file>EPD_Temperature_IIC.obj</file>
         <name>EPD_Temperature_IIC.obj</name>
      </input_file>
      <input_file id="fl-5">
         <path>.\src\HW_drivers\</path>
         <kind>object</kind>
         <file>Flash_Mem_Map.obj</file>
         <name>Flash_Mem_Map.obj</name>
      </input_file>
      <input_file id="fl-6">
         <path>.\src\HW_drivers\</path>
         <kind>object</kind>
         <file>Mem_Flash.obj</file>
         <name>Mem_Flash.obj</name>
      </input_file>
      <input_file id="fl-7">
         <path>.\src\HW_drivers\</path>
         <kind>object</kind>
         <file>ringbuf.obj</file>
         <name>ringbuf.obj</name>
      </input_file>
      <input_file id="fl-8">
         <path>.\src\HW_drivers\</path>
         <kind>object</kind>
         <file>uart_Driver.obj</file>
         <name>uart_Driver.obj</name>
      </input_file>
      <input_file id="fl-9">
         <path>.\src\HW_drivers\usb\</path>
         <kind>object</kind>
         <file>usb_Driver.obj</file>
         <name>usb_Driver.obj</name>
      </input_file>
      <input_file id="fl-a">
         <path>.\src\HW_drivers\usb\</path>
         <kind>object</kind>
         <file>usb_serial_structs.obj</file>
         <name>usb_serial_structs.obj</name>
      </input_file>
      <input_file id="fl-b">
         <path>.\src\PDI_apps_drivers\</path>
         <kind>object</kind>
         <file>BootTask_Module.obj</file>
         <name>BootTask_Module.obj</name>
      </input_file>
      <input_file id="fl-c">
         <path>.\src\PDI_apps_drivers\</path>
         <kind>object</kind>
         <file>CommandHandle.obj</file>
         <name>CommandHandle.obj</name>
      </input_file>
      <input_file id="fl-d">
         <path>.\src\PDI_apps_drivers\</path>
         <kind>object</kind>
         <file>Data_Module.obj</file>
         <name>Data_Module.obj</name>
      </input_file>
      <input_file id="fl-e">
         <path>.\src\PDI_apps_drivers\</path>
         <kind>object</kind>
         <file>Rtos.obj</file>
         <name>Rtos.obj</name>
      </input_file>
      <input_file id="fl-f">
         <path>.\src\PDI_displays_drivers\</path>
         <kind>object</kind>
         <file>EPD_interface.obj</file>
         <name>EPD_interface.obj</name>
      </input_file>
      <input_file id="fl-10">
         <path>.\src\PDI_displays_drivers\FPL_drivers\</path>
         <kind>object</kind>
         <file>eTC_G1_Size_Aurora_Mb.obj</file>
         <name>eTC_G1_Size_Aurora_Mb.obj</name>
      </input_file>
      <input_file id="fl-11">
         <path>.\src\PDI_displays_drivers\FPL_drivers\</path>
         <kind>object</kind>
         <file>eTC_G2_Size_Aurora_Ma.obj</file>
         <name>eTC_G2_Size_Aurora_Ma.obj</name>
      </input_file>
      <input_file id="fl-12">
         <path>.\src\PDI_displays_drivers\FPL_drivers\</path>
         <kind>object</kind>
         <file>eTC_G2_Size_Aurora_Mb.obj</file>
         <name>eTC_G2_Size_Aurora_Mb.obj</name>
      </input_file>
      <input_file id="fl-13">
         <path>.\src\PDI_displays_drivers\FPL_drivers\</path>
         <kind>object</kind>
         <file>iTC_215_Aurora_Mb.obj</file>
         <name>iTC_215_Aurora_Mb.obj</name>
      </input_file>
      <input_file id="fl-14">
         <path>.\src\PDI_displays_drivers\FPL_drivers\</path>
         <kind>object</kind>
         <file>iTC_287_Aurora_Mb.obj</file>
         <name>iTC_287_Aurora_Mb.obj</name>
      </input_file>
      <input_file id="fl-15">
         <path>.\src\PDI_displays_drivers\FPL_drivers\</path>
         <kind>object</kind>
         <file>iTC_287_Spectra.obj</file>
         <name>iTC_287_Spectra.obj</name>
      </input_file>
      <input_file id="fl-16">
         <path>.\src\PDI_displays_drivers\FPL_drivers\</path>
         <kind>object</kind>
         <file>iTC_420_Aurora_Mb.obj</file>
         <name>iTC_420_Aurora_Mb.obj</name>
      </input_file>
      <input_file id="fl-17">
         <path>.\src\PDI_displays_drivers\FPL_drivers\</path>
         <kind>object</kind>
         <file>iTC_420_Spectra.obj</file>
         <name>iTC_420_Spectra.obj</name>
      </input_file>
      <input_file id="fl-18">
         <path>.\src\PDI_displays_drivers\FPL_drivers\</path>
         <kind>object</kind>
         <file>iTC_Engine.obj</file>
         <name>iTC_Engine.obj</name>
      </input_file>
      <input_file id="fl-19">
         <path>.\src\PDI_displays_drivers\FPL_drivers\</path>
         <kind>object</kind>
         <file>iTC_UC8451c_Spectra.obj</file>
         <name>iTC_UC8451c_Spectra.obj</name>
      </input_file>
      <input_file id="fl-1a">
         <path>.\src\</path>
         <kind>object</kind>
         <file>main_PDI_APPs.obj</file>
         <name>main_PDI_APPs.obj</name>
      </input_file>
      <input_file id="fl-22">
         <kind>object</kind>
         <file>&lt;internal&gt;</file>
         <name>&lt;internal&gt;</name>
      </input_file>
      <input_file id="fl-23">
         <path>..\driverlib\</path>
         <kind>archive</kind>
         <file>driverlib.lib</file>
         <name>gpio.obj</name>
      </input_file>
      <input_file id="fl-24">
         <path>..\driverlib\</path>
         <kind>archive</kind>
         <file>driverlib.lib</file>
         <name>interrupt.obj</name>
      </input_file>
      <input_file id="fl-25">
         <path>..\driverlib\</path>
         <kind>archive</kind>
         <file>driverlib.lib</file>
         <name>sysctl.obj</name>
      </input_file>
      <input_file id="fl-26">
         <path>..\driverlib\</path>
         <kind>archive</kind>
         <file>driverlib.lib</file>
         <name>timer.obj</name>
      </input_file>
      <input_file id="fl-27">
         <path>..\driverlib\</path>
         <kind>archive</kind>
         <file>driverlib.lib</file>
         <name>uart.obj</name>
      </input_file>
      <input_file id="fl-28">
         <path>..\driverlib\</path>
         <kind>archive</kind>
         <file>driverlib.lib</file>
         <name>cpu.obj</name>
      </input_file>
      <input_file id="fl-29">
         <path>..\driverlib\</path>
         <kind>archive</kind>
         <file>usblib.lib</file>
         <name>usbbuffer.obj</name>
      </input_file>
      <input_file id="fl-2a">
         <path>..\driverlib\</path>
         <kind>archive</kind>
         <file>usblib.lib</file>
         <name>usbmode.obj</name>
      </input_file>
      <input_file id="fl-2b">
         <path>..\driverlib\</path>
         <kind>archive</kind>
         <file>usblib.lib</file>
         <name>usbringbuf.obj</name>
      </input_file>
      <input_file id="fl-2c">
         <path>..\driverlib\</path>
         <kind>archive</kind>
         <file>usblib.lib</file>
         <name>usbtick.obj</name>
      </input_file>
      <input_file id="fl-2d">
         <path>..\driverlib\</path>
         <kind>archive</kind>
         <file>usblib.lib</file>
         <name>usbhostenum.obj</name>
      </input_file>
      <input_file id="fl-2e">
         <path>..\driverlib\</path>
         <kind>archive</kind>
         <file>usblib.lib</file>
         <name>usbdcdc.obj</name>
      </input_file>
      <input_file id="fl-2f">
         <path>..\driverlib\</path>
         <kind>archive</kind>
         <file>usblib.lib</file>
         <name>usbdenum.obj</name>
      </input_file>
      <input_file id="fl-30">
         <path>..\driverlib\</path>
         <kind>archive</kind>
         <file>usblib.lib</file>
         <name>usbdhandler.obj</name>
      </input_file>
      <input_file id="fl-31">
         <path>..\driverlib\</path>
         <kind>archive</kind>
         <file>usblib.lib</file>
         <name>usbdesc.obj</name>
      </input_file>
      <input_file id="fl-32">
         <path>..\driverlib\</path>
         <kind>archive</kind>
         <file>usblib.lib</file>
         <name>usbdma.obj</name>
      </input_file>
      <input_file id="fl-33">
         <path>..\driverlib\</path>
         <kind>archive</kind>
         <file>usblib.lib</file>
         <name>usbulpi.obj</name>
      </input_file>
      <input_file id="fl-34">
         <path>..\driverlib\</path>
         <kind>archive</kind>
         <file>usblib.lib</file>
         <name>usbhhub.obj</name>
      </input_file>
      <input_file id="fl-35">
         <path>..\driverlib\</path>
         <kind>archive</kind>
         <file>usblib.lib</file>
         <name>usbdcdesc.obj</name>
      </input_file>
      <input_file id="fl-36">
         <path>..\driverlib\</path>
         <kind>archive</kind>
         <file>usblib.lib</file>
         <name>usbdconfig.obj</name>
      </input_file>
      <input_file id="fl-37">
         <path>I:\PDI\Kit\EPD Extension Board GEN2\fw\V1_21\EPD Extension Board Gen2 (EXT2)_v1.21 formal\EPD_drivers\src\FPL_drivers\</path>
         <kind>archive</kind>
         <file>EPD_iTClib_TM4C123.lib</file>
         <name>iTC_215_Mb_LUT.obj</name>
      </input_file>
      <input_file id="fl-38">
         <path>I:\PDI\Kit\EPD Extension Board GEN2\fw\V1_21\EPD Extension Board Gen2 (EXT2)_v1.21 formal\EPD_drivers\src\FPL_drivers\</path>
         <kind>archive</kind>
         <file>EPD_iTClib_TM4C123.lib</file>
         <name>iTC_287_Mb_LUT.obj</name>
      </input_file>
      <input_file id="fl-39">
         <path>I:\PDI\Kit\EPD Extension Board GEN2\fw\V1_21\EPD Extension Board Gen2 (EXT2)_v1.21 formal\EPD_drivers\src\FPL_drivers\</path>
         <kind>archive</kind>
         <file>EPD_iTClib_TM4C123.lib</file>
         <name>iTC_287_Sp_LUT.obj</name>
      </input_file>
      <input_file id="fl-3a">
         <path>I:\PDI\Kit\EPD Extension Board GEN2\fw\V1_21\EPD Extension Board Gen2 (EXT2)_v1.21 formal\EPD_drivers\src\FPL_drivers\</path>
         <kind>archive</kind>
         <file>EPD_iTClib_TM4C123.lib</file>
         <name>iTC_420_Mb_LUT.obj</name>
      </input_file>
      <input_file id="fl-3b">
         <path>I:\PDI\Kit\EPD Extension Board GEN2\fw\V1_21\EPD Extension Board Gen2 (EXT2)_v1.21 formal\EPD_drivers\src\FPL_drivers\</path>
         <kind>archive</kind>
         <file>EPD_iTClib_TM4C123.lib</file>
         <name>iTC_420_Sp_LUT.obj</name>
      </input_file>
      <input_file id="fl-f1">
         <path>C:\ti\ccsv7\tools\compiler\ti-cgt-arm_16.9.4.LTS\lib\</path>
         <kind>archive</kind>
         <file>rtsv7M4_T_le_v4SPD16_eabi.lib</file>
         <name>boot.obj</name>
      </input_file>
      <input_file id="fl-f2">
         <path>C:\ti\ccsv7\tools\compiler\ti-cgt-arm_16.9.4.LTS\lib\</path>
         <kind>archive</kind>
         <file>rtsv7M4_T_le_v4SPD16_eabi.lib</file>
         <name>copy_decompress_lzss.obj</name>
      </input_file>
      <input_file id="fl-f3">
         <path>C:\ti\ccsv7\tools\compiler\ti-cgt-arm_16.9.4.LTS\lib\</path>
         <kind>archive</kind>
         <file>rtsv7M4_T_le_v4SPD16_eabi.lib</file>
         <name>copy_decompress_none.obj</name>
      </input_file>
      <input_file id="fl-f4">
         <path>C:\ti\ccsv7\tools\compiler\ti-cgt-arm_16.9.4.LTS\lib\</path>
         <kind>archive</kind>
         <file>rtsv7M4_T_le_v4SPD16_eabi.lib</file>
         <name>copy_zero_init.obj</name>
      </input_file>
      <input_file id="fl-f5">
         <path>C:\ti\ccsv7\tools\compiler\ti-cgt-arm_16.9.4.LTS\lib\</path>
         <kind>archive</kind>
         <file>rtsv7M4_T_le_v4SPD16_eabi.lib</file>
         <name>exit.obj</name>
      </input_file>
      <input_file id="fl-f6">
         <path>C:\ti\ccsv7\tools\compiler\ti-cgt-arm_16.9.4.LTS\lib\</path>
         <kind>archive</kind>
         <file>rtsv7M4_T_le_v4SPD16_eabi.lib</file>
         <name>memcpy_t2.obj</name>
      </input_file>
      <input_file id="fl-f7">
         <path>C:\ti\ccsv7\tools\compiler\ti-cgt-arm_16.9.4.LTS\lib\</path>
         <kind>archive</kind>
         <file>rtsv7M4_T_le_v4SPD16_eabi.lib</file>
         <name>memory.obj</name>
      </input_file>
      <input_file id="fl-f8">
         <path>C:\ti\ccsv7\tools\compiler\ti-cgt-arm_16.9.4.LTS\lib\</path>
         <kind>archive</kind>
         <file>rtsv7M4_T_le_v4SPD16_eabi.lib</file>
         <name>memset_t2.obj</name>
      </input_file>
      <input_file id="fl-f9">
         <path>C:\ti\ccsv7\tools\compiler\ti-cgt-arm_16.9.4.LTS\lib\</path>
         <kind>archive</kind>
         <file>rtsv7M4_T_le_v4SPD16_eabi.lib</file>
         <name>mpu_init.obj</name>
      </input_file>
      <input_file id="fl-fa">
         <path>C:\ti\ccsv7\tools\compiler\ti-cgt-arm_16.9.4.LTS\lib\</path>
         <kind>archive</kind>
         <file>rtsv7M4_T_le_v4SPD16_eabi.lib</file>
         <name>pre_init.obj</name>
      </input_file>
      <input_file id="fl-fb">
         <path>C:\ti\ccsv7\tools\compiler\ti-cgt-arm_16.9.4.LTS\lib\</path>
         <kind>archive</kind>
         <file>rtsv7M4_T_le_v4SPD16_eabi.lib</file>
         <name>stkdepth_vars.obj</name>
      </input_file>
      <input_file id="fl-fc">
         <path>C:\ti\ccsv7\tools\compiler\ti-cgt-arm_16.9.4.LTS\lib\</path>
         <kind>archive</kind>
         <file>rtsv7M4_T_le_v4SPD16_eabi.lib</file>
         <name>_lock.obj</name>
      </input_file>
      <input_file id="fl-fd">
         <path>C:\ti\ccsv7\tools\compiler\ti-cgt-arm_16.9.4.LTS\lib\</path>
         <kind>archive</kind>
         <file>rtsv7M4_T_le_v4SPD16_eabi.lib</file>
         <name>args_main.obj</name>
      </input_file>
      <input_file id="fl-fe">
         <path>C:\ti\ccsv7\tools\compiler\ti-cgt-arm_16.9.4.LTS\lib\</path>
         <kind>archive</kind>
         <file>rtsv7M4_T_le_v4SPD16_eabi.lib</file>
         <name>autoinit.obj</name>
      </input_file>
      <input_file id="fl-ff">
         <path>C:\ti\ccsv7\tools\compiler\ti-cgt-arm_16.9.4.LTS\lib\</path>
         <kind>archive</kind>
         <file>rtsv7M4_T_le_v4SPD16_eabi.lib</file>
         <name>cpy_tbl.obj</name>
      </input_file>
      <input_file id="fl-100">
         <path>C:\ti\ccsv7\tools\compiler\ti-cgt-arm_16.9.4.LTS\lib\</path>
         <kind>archive</kind>
         <file>rtsv7M4_T_le_v4SPD16_eabi.lib</file>
         <name>startup.obj</name>
      </input_file>
      <input_file id="fl-101">
         <path>..\driverlib\</path>
         <kind>archive</kind>
         <file>driverlib.lib</file>
         <name>udma.obj</name>
      </input_file>
      <input_file id="fl-102">
         <path>..\driverlib\</path>
         <kind>archive</kind>
         <file>driverlib.lib</file>
         <name>usb.obj</name>
      </input_file>
   </input_file_list>
   <object_component_list>
      <object_component id="oc-f">
         <name>.intvecs</name>
         <load_address>0x0</load_address>
         <run_address>0x0</run_address>
         <size>0x26c</size>
         <input_file_ref idref="fl-2"/>
      </object_component>
      <object_component id="oc-417">
         <name>.text</name>
         <load_address>0x26c</load_address>
         <run_address>0x26c</run_address>
         <size>0x1758</size>
         <input_file_ref idref="fl-12"/>
      </object_component>
      <object_component id="oc-551">
         <name>.text</name>
         <load_address>0x19c4</load_address>
         <run_address>0x19c4</run_address>
         <size>0xe34</size>
         <input_file_ref idref="fl-18"/>
      </object_component>
      <object_component id="oc-420">
         <name>.text</name>
         <load_address>0x27f8</load_address>
         <run_address>0x27f8</run_address>
         <size>0xd34</size>
         <input_file_ref idref="fl-11"/>
      </object_component>
      <object_component id="oc-38b">
         <name>.text</name>
         <load_address>0x352c</load_address>
         <run_address>0x352c</run_address>
         <size>0x61e</size>
         <input_file_ref idref="fl-c"/>
      </object_component>
      <object_component id="oc-6c">
         <name>.text</name>
         <load_address>0x3b4a</load_address>
         <run_address>0x3b4a</run_address>
         <size>0x2</size>
         <input_file_ref idref="fl-f9"/>
      </object_component>
      <object_component id="oc-34">
         <name>.text</name>
         <load_address>0x3b4c</load_address>
         <run_address>0x3b4c</run_address>
         <size>0x540</size>
         <input_file_ref idref="fl-3"/>
      </object_component>
      <object_component id="oc-291">
         <name>.text</name>
         <load_address>0x408c</load_address>
         <run_address>0x408c</run_address>
         <size>0x52c</size>
         <input_file_ref idref="fl-f"/>
      </object_component>
      <object_component id="oc-297">
         <name>.text</name>
         <load_address>0x45b8</load_address>
         <run_address>0x45b8</run_address>
         <size>0x4f0</size>
         <input_file_ref idref="fl-e"/>
      </object_component>
      <object_component id="oc-2a3">
         <name>.text</name>
         <load_address>0x4aa8</load_address>
         <run_address>0x4aa8</run_address>
         <size>0x4bc</size>
         <input_file_ref idref="fl-b"/>
      </object_component>
      <object_component id="oc-37f">
         <name>.text</name>
         <load_address>0x4f64</load_address>
         <run_address>0x4f64</run_address>
         <size>0x3d0</size>
         <input_file_ref idref="fl-f7"/>
      </object_component>
      <object_component id="oc-185">
         <name>.text</name>
         <load_address>0x5334</load_address>
         <run_address>0x5334</run_address>
         <size>0x314</size>
         <input_file_ref idref="fl-7"/>
      </object_component>
      <object_component id="oc-337">
         <name>.text</name>
         <load_address>0x5648</load_address>
         <run_address>0x5648</run_address>
         <size>0x2a0</size>
         <input_file_ref idref="fl-4"/>
      </object_component>
      <object_component id="oc-29d">
         <name>.text</name>
         <load_address>0x58e8</load_address>
         <run_address>0x58e8</run_address>
         <size>0x274</size>
         <input_file_ref idref="fl-d"/>
      </object_component>
      <object_component id="oc-379">
         <name>.text</name>
         <load_address>0x5b5c</load_address>
         <run_address>0x5b5c</run_address>
         <size>0x218</size>
         <input_file_ref idref="fl-6"/>
      </object_component>
      <object_component id="oc-3a">
         <name>.text</name>
         <load_address>0x5d74</load_address>
         <run_address>0x5d74</run_address>
         <size>0x1bc</size>
         <input_file_ref idref="fl-8"/>
      </object_component>
      <object_component id="oc-44d">
         <name>.text</name>
         <load_address>0x5f30</load_address>
         <run_address>0x5f30</run_address>
         <size>0x194</size>
         <input_file_ref idref="fl-19"/>
      </object_component>
      <object_component id="oc-30b">
         <name>.text:USBDEP0StateTxConfig</name>
         <load_address>0x60c4</load_address>
         <run_address>0x60c4</run_address>
         <size>0x150</size>
         <input_file_ref idref="fl-2f"/>
      </object_component>
      <object_component id="oc-1ab">
         <name>.text:USBDeviceIntHandlerInternal</name>
         <load_address>0x6214</load_address>
         <run_address>0x6214</run_address>
         <size>0x150</size>
         <input_file_ref idref="fl-2f"/>
      </object_component>
      <object_component id="oc-5b5">
         <name>.text:USBDeviceConfig</name>
         <load_address>0x6364</load_address>
         <run_address>0x6364</run_address>
         <size>0x148</size>
         <input_file_ref idref="fl-36"/>
      </object_component>
      <object_component id="oc-c8">
         <name>.text:GPIOPadConfigSet</name>
         <load_address>0x64ac</load_address>
         <run_address>0x64ac</run_address>
         <size>0x132</size>
         <input_file_ref idref="fl-23"/>
      </object_component>
      <object_component id="oc-1d2">
         <name>.text</name>
         <load_address>0x65de</load_address>
         <run_address>0x65de</run_address>
         <size>0x2</size>
         <input_file_ref idref="fl-100"/>
      </object_component>
      <object_component id="oc-101">
         <name>.text:SysCtlClockSet</name>
         <load_address>0x65e0</load_address>
         <run_address>0x65e0</run_address>
         <size>0xf4</size>
         <input_file_ref idref="fl-25"/>
      </object_component>
      <object_component id="oc-4ae">
         <name>.text:USBDGetDescriptor</name>
         <load_address>0x66d4</load_address>
         <run_address>0x66d4</run_address>
         <size>0xe4</size>
         <input_file_ref idref="fl-2f"/>
      </object_component>
      <object_component id="oc-267">
         <name>.text:USBDeviceEnumHandler</name>
         <load_address>0x67b8</load_address>
         <run_address>0x67b8</run_address>
         <size>0xd8</size>
         <input_file_ref idref="fl-2f"/>
      </object_component>
      <object_component id="oc-429">
         <name>.text</name>
         <load_address>0x6890</load_address>
         <run_address>0x6890</run_address>
         <size>0xac</size>
         <input_file_ref idref="fl-13"/>
      </object_component>
      <object_component id="oc-432">
         <name>.text</name>
         <load_address>0x693c</load_address>
         <run_address>0x693c</run_address>
         <size>0xac</size>
         <input_file_ref idref="fl-14"/>
      </object_component>
      <object_component id="oc-444">
         <name>.text</name>
         <load_address>0x69e8</load_address>
         <run_address>0x69e8</run_address>
         <size>0xac</size>
         <input_file_ref idref="fl-16"/>
      </object_component>
      <object_component id="oc-54">
         <name>.text</name>
         <load_address>0x6a94</load_address>
         <run_address>0x6a94</run_address>
         <size>0x9c</size>
         <input_file_ref idref="fl-f6"/>
      </object_component>
      <object_component id="oc-4cc">
         <name>.text:USBDSetInterface</name>
         <load_address>0x6b30</load_address>
         <run_address>0x6b30</run_address>
         <size>0x98</size>
         <input_file_ref idref="fl-2f"/>
      </object_component>
      <object_component id="oc-4c0">
         <name>.text:USBDSetConfiguration</name>
         <load_address>0x6bc8</load_address>
         <run_address>0x6bc8</run_address>
         <size>0x90</size>
         <input_file_ref idref="fl-2f"/>
      </object_component>
      <object_component id="oc-5c9">
         <name>.text:USBDeviceConfigAlternate</name>
         <load_address>0x6c58</load_address>
         <run_address>0x6c58</run_address>
         <size>0x8c</size>
         <input_file_ref idref="fl-36"/>
      </object_component>
      <object_component id="oc-49c">
         <name>.text:USBDClearFeature</name>
         <load_address>0x6ce4</load_address>
         <run_address>0x6ce4</run_address>
         <size>0x80</size>
         <input_file_ref idref="fl-2f"/>
      </object_component>
      <object_component id="oc-373">
         <name>.text</name>
         <load_address>0x6d64</load_address>
         <run_address>0x6d64</run_address>
         <size>0x7c</size>
         <input_file_ref idref="fl-5"/>
      </object_component>
      <object_component id="oc-714">
         <name>.text:USBDevEndpointConfigSet</name>
         <load_address>0x6de0</load_address>
         <run_address>0x6de0</run_address>
         <size>0x7a</size>
         <input_file_ref idref="fl-102"/>
      </object_component>
      <object_component id="oc-60">
         <name>.text</name>
         <load_address>0x6e5a</load_address>
         <run_address>0x6e5a</run_address>
         <size>0x7a</size>
         <input_file_ref idref="fl-f8"/>
      </object_component>
      <object_component id="oc-496">
         <name>.text:USBDGetStatus</name>
         <load_address>0x6ed4</load_address>
         <run_address>0x6ed4</run_address>
         <size>0x78</size>
         <input_file_ref idref="fl-2f"/>
      </object_component>
      <object_component id="oc-311">
         <name>.text:USBDEP0StateTx</name>
         <load_address>0x6f4c</load_address>
         <run_address>0x6f4c</run_address>
         <size>0x70</size>
         <input_file_ref idref="fl-2f"/>
      </object_component>
      <object_component id="oc-78">
         <name>.text</name>
         <load_address>0x6fbc</load_address>
         <run_address>0x6fbc</run_address>
         <size>0x70</size>
         <input_file_ref idref="fl-fe"/>
      </object_component>
      <object_component id="oc-4a2">
         <name>.text:USBDSetFeature</name>
         <load_address>0x702c</load_address>
         <run_address>0x702c</run_address>
         <size>0x6c</size>
         <input_file_ref idref="fl-2f"/>
      </object_component>
      <object_component id="oc-43b">
         <name>.text</name>
         <load_address>0x7098</load_address>
         <run_address>0x7098</run_address>
         <size>0x6c</size>
         <input_file_ref idref="fl-17"/>
      </object_component>
      <object_component id="oc-12">
         <name>.text:decompress:lzss</name>
         <load_address>0x7104</load_address>
         <run_address>0x7104</run_address>
         <size>0x68</size>
         <input_file_ref idref="fl-f2"/>
      </object_component>
      <object_component id="oc-305">
         <name>.text:USBDReadAndDispatchRequest</name>
         <load_address>0x716c</load_address>
         <run_address>0x716c</run_address>
         <size>0x60</size>
         <input_file_ref idref="fl-2f"/>
      </object_component>
      <object_component id="oc-2ed">
         <name>.text:USBDevEndpointStatusClear</name>
         <load_address>0x71cc</load_address>
         <run_address>0x71cc</run_address>
         <size>0x5e</size>
         <input_file_ref idref="fl-102"/>
      </object_component>
      <object_component id="oc-24">
         <name>.text</name>
         <load_address>0x722c</load_address>
         <run_address>0x722c</run_address>
         <size>0x54</size>
         <input_file_ref idref="fl-f1"/>
      </object_component>
      <object_component id="oc-84">
         <name>.text</name>
         <load_address>0x7280</load_address>
         <run_address>0x7280</run_address>
         <size>0x54</size>
         <input_file_ref idref="fl-f5"/>
      </object_component>
      <object_component id="oc-702">
         <name>.text:USBDCDConfigDescGet</name>
         <load_address>0x72d4</load_address>
         <run_address>0x72d4</run_address>
         <size>0x50</size>
         <input_file_ref idref="fl-35"/>
      </object_component>
      <object_component id="oc-249">
         <name>.text:USBDeviceResumeTickHandler</name>
         <load_address>0x7324</load_address>
         <run_address>0x7324</run_address>
         <size>0x50</size>
         <input_file_ref idref="fl-2f"/>
      </object_component>
      <object_component id="oc-70e">
         <name>.text:GetEPDescriptorType</name>
         <load_address>0x7374</load_address>
         <run_address>0x7374</run_address>
         <size>0x4c</size>
         <input_file_ref idref="fl-36"/>
      </object_component>
      <object_component id="oc-5ac">
         <name>.text:USBDStringIndexFromRequest</name>
         <load_address>0x73c0</load_address>
         <run_address>0x73c0</run_address>
         <size>0x4c</size>
         <input_file_ref idref="fl-2f"/>
      </object_component>
      <object_component id="oc-1cc">
         <name>.text</name>
         <load_address>0x740c</load_address>
         <run_address>0x740c</run_address>
         <size>0x4c</size>
         <input_file_ref idref="fl-ff"/>
      </object_component>
      <object_component id="oc-72f">
         <name>.text:ConfigAlternateInterfaceGet</name>
         <load_address>0x7458</load_address>
         <run_address>0x7458</run_address>
         <size>0x4a</size>
         <input_file_ref idref="fl-35"/>
      </object_component>
      <object_component id="oc-5a3">
         <name>.text:USBDevEndpointStallClear</name>
         <load_address>0x74a2</load_address>
         <run_address>0x74a2</run_address>
         <size>0x4a</size>
         <input_file_ref idref="fl-102"/>
      </object_component>
      <object_component id="oc-bc">
         <name>.text:GPIOPinConfigure</name>
         <load_address>0x74ec</load_address>
         <run_address>0x74ec</run_address>
         <size>0x48</size>
         <input_file_ref idref="fl-23"/>
      </object_component>
      <object_component id="oc-243">
         <name>.text:USBDeviceEnumResetHandler</name>
         <load_address>0x7534</load_address>
         <run_address>0x7534</run_address>
         <size>0x48</size>
         <input_file_ref idref="fl-2f"/>
      </object_component>
      <object_component id="oc-18b">
         <name>.text:UARTConfigSetExpClk</name>
         <load_address>0x757c</load_address>
         <run_address>0x757c</run_address>
         <size>0x46</size>
         <input_file_ref idref="fl-27"/>
      </object_component>
      <object_component id="oc-2f9">
         <name>.text:USBEndpointDataGet</name>
         <load_address>0x75c2</load_address>
         <run_address>0x75c2</run_address>
         <size>0x46</size>
         <input_file_ref idref="fl-102"/>
      </object_component>
      <object_component id="oc-4c6">
         <name>.text:USBDGetInterface</name>
         <load_address>0x7608</load_address>
         <run_address>0x7608</run_address>
         <size>0x44</size>
         <input_file_ref idref="fl-2f"/>
      </object_component>
      <object_component id="oc-720">
         <name>.text:USBFIFOConfigSet</name>
         <load_address>0x764c</load_address>
         <run_address>0x764c</run_address>
         <size>0x3a</size>
         <input_file_ref idref="fl-102"/>
      </object_component>
      <object_component id="oc-24f">
         <name>.text:InternalUSBStartOfFrameTick</name>
         <load_address>0x7688</load_address>
         <run_address>0x7688</run_address>
         <size>0x38</size>
         <input_file_ref idref="fl-2c"/>
      </object_component>
      <object_component id="oc-708">
         <name>.text:USBDCDConfigGetInterfaceEndpoint</name>
         <load_address>0x76c0</load_address>
         <run_address>0x76c0</run_address>
         <size>0x38</size>
         <input_file_ref idref="fl-35"/>
      </object_component>
      <object_component id="oc-1a5">
         <name>.text:USBIntStatusControl</name>
         <load_address>0x76f8</load_address>
         <run_address>0x76f8</run_address>
         <size>0x38</size>
         <input_file_ref idref="fl-102"/>
      </object_component>
      <object_component id="oc-3d5">
         <name>.text:USBEndpointDataPut</name>
         <load_address>0x7730</load_address>
         <run_address>0x7730</run_address>
         <size>0x36</size>
         <input_file_ref idref="fl-102"/>
      </object_component>
      <object_component id="oc-3aa">
         <name>.text:Enable_SW_Pin</name>
         <load_address>0x7768</load_address>
         <run_address>0x7768</run_address>
         <size>0x34</size>
         <input_file_ref idref="fl-2"/>
      </object_component>
      <object_component id="oc-10a">
         <name>.text:SysCtlPeripheralEnable</name>
         <load_address>0x779c</load_address>
         <run_address>0x779c</run_address>
         <size>0x34</size>
         <input_file_ref idref="fl-25"/>
      </object_component>
      <object_component id="oc-3db">
         <name>.text:USBEndpointDataSend</name>
         <load_address>0x77d0</load_address>
         <run_address>0x77d0</run_address>
         <size>0x34</size>
         <input_file_ref idref="fl-102"/>
      </object_component>
      <object_component id="oc-7c1">
         <name>.text:NextConfigDescGet</name>
         <load_address>0x7804</load_address>
         <run_address>0x7804</run_address>
         <size>0x32</size>
         <input_file_ref idref="fl-35"/>
      </object_component>
      <object_component id="oc-48d">
         <name>.text:USBDevEndpointStall</name>
         <load_address>0x7836</load_address>
         <run_address>0x7836</run_address>
         <size>0x32</size>
         <input_file_ref idref="fl-102"/>
      </object_component>
      <object_component id="oc-4ba">
         <name>.text:USBDGetConfiguration</name>
         <load_address>0x7868</load_address>
         <run_address>0x7868</run_address>
         <size>0x30</size>
         <input_file_ref idref="fl-2f"/>
      </object_component>
      <object_component id="oc-7ba">
         <name>.text:USBDescGet</name>
         <load_address>0x7898</load_address>
         <run_address>0x7898</run_address>
         <size>0x2c</size>
         <input_file_ref idref="fl-31"/>
      </object_component>
      <object_component id="oc-206">
         <name>.text:GPIODirModeSet</name>
         <load_address>0x78c4</load_address>
         <run_address>0x78c4</run_address>
         <size>0x2a</size>
         <input_file_ref idref="fl-23"/>
      </object_component>
      <object_component id="oc-5bd">
         <name>.text:USBDCDConfigDescGetNum</name>
         <load_address>0x78ee</load_address>
         <run_address>0x78ee</run_address>
         <size>0x2a</size>
         <input_file_ref idref="fl-35"/>
      </object_component>
      <object_component id="oc-728">
         <name>.text:USBDescGetNum</name>
         <load_address>0x7918</load_address>
         <run_address>0x7918</run_address>
         <size>0x2a</size>
         <input_file_ref idref="fl-31"/>
      </object_component>
      <object_component id="oc-2ff">
         <name>.text:USBDevEndpointDataAck</name>
         <load_address>0x7942</load_address>
         <run_address>0x7942</run_address>
         <size>0x2a</size>
         <input_file_ref idref="fl-102"/>
      </object_component>
      <object_component id="oc-4a8">
         <name>.text:USBDSetAddress</name>
         <load_address>0x796c</load_address>
         <run_address>0x796c</run_address>
         <size>0x28</size>
         <input_file_ref idref="fl-2f"/>
      </object_component>
      <object_component id="oc-407">
         <name>.text:getSDA</name>
         <load_address>0x7994</load_address>
         <run_address>0x7994</run_address>
         <size>0x28</size>
         <input_file_ref idref="fl-4"/>
      </object_component>
      <object_component id="oc-2e">
         <name>.text</name>
         <load_address>0x79bc</load_address>
         <run_address>0x79bc</run_address>
         <size>0x26</size>
         <input_file_ref idref="fl-2"/>
      </object_component>
      <object_component id="oc-71a">
         <name>.text:GetEndpointFIFOSize</name>
         <load_address>0x79e2</load_address>
         <run_address>0x79e2</run_address>
         <size>0x20</size>
         <input_file_ref idref="fl-36"/>
      </object_component>
      <object_component id="oc-3a2">
         <name>.text:SW1_State</name>
         <load_address>0x7a04</load_address>
         <run_address>0x7a04</run_address>
         <size>0x20</size>
         <input_file_ref idref="fl-2"/>
      </object_component>
      <object_component id="oc-391">
         <name>.text:SW2_State</name>
         <load_address>0x7a24</load_address>
         <run_address>0x7a24</run_address>
         <size>0x20</size>
         <input_file_ref idref="fl-2"/>
      </object_component>
      <object_component id="oc-400">
         <name>.text:TS_SCL_Low</name>
         <load_address>0x7a44</load_address>
         <run_address>0x7a44</run_address>
         <size>0x20</size>
         <input_file_ref idref="fl-4"/>
      </object_component>
      <object_component id="oc-3f2">
         <name>.text:TS_SDA_Low</name>
         <load_address>0x7a64</load_address>
         <run_address>0x7a64</run_address>
         <size>0x20</size>
         <input_file_ref idref="fl-4"/>
      </object_component>
      <object_component id="oc-226">
         <name>.text:UARTDisable</name>
         <load_address>0x7a84</load_address>
         <run_address>0x7a84</run_address>
         <size>0x20</size>
         <input_file_ref idref="fl-27"/>
      </object_component>
      <object_component id="oc-1da">
         <name>.text</name>
         <load_address>0x7aa4</load_address>
         <run_address>0x7aa4</run_address>
         <size>0x20</size>
         <input_file_ref idref="fl-1a"/>
      </object_component>
      <object_component id="oc-514">
         <name>.text:EPD_IsBusy</name>
         <load_address>0x7ac4</load_address>
         <run_address>0x7ac4</run_address>
         <size>0x1e</size>
         <input_file_ref idref="fl-2"/>
      </object_component>
      <object_component id="oc-3f9">
         <name>.text:TS_SCL_High</name>
         <load_address>0x7ae4</load_address>
         <run_address>0x7ae4</run_address>
         <size>0x1c</size>
         <input_file_ref idref="fl-4"/>
      </object_component>
      <object_component id="oc-3eb">
         <name>.text:TS_SDA_High</name>
         <load_address>0x7b00</load_address>
         <run_address>0x7b00</run_address>
         <size>0x1c</size>
         <input_file_ref idref="fl-4"/>
      </object_component>
      <object_component id="oc-5c3">
         <name>.text:USBDCDConfigGetInterface</name>
         <load_address>0x7b1c</load_address>
         <run_address>0x7b1c</run_address>
         <size>0x1c</size>
         <input_file_ref idref="fl-35"/>
      </object_component>
      <object_component id="oc-3c2">
         <name>.text:USBDCDStallEP0</name>
         <load_address>0x7b38</load_address>
         <run_address>0x7b38</run_address>
         <size>0x1c</size>
         <input_file_ref idref="fl-2f"/>
      </object_component>
      <object_component id="oc-3cf">
         <name>.text:USBDCDConfigDescGetSize</name>
         <load_address>0x7b54</load_address>
         <run_address>0x7b54</run_address>
         <size>0x1a</size>
         <input_file_ref idref="fl-35"/>
      </object_component>
      <object_component id="oc-ce">
         <name>.text:GPIOPinTypeGPIOOutput</name>
         <load_address>0x7b6e</load_address>
         <run_address>0x7b6e</run_address>
         <size>0x18</size>
         <input_file_ref idref="fl-23"/>
      </object_component>
      <object_component id="oc-40">
         <name>.text:USB0DeviceIntHandler</name>
         <load_address>0x7b88</load_address>
         <run_address>0x7b88</run_address>
         <size>0x18</size>
         <input_file_ref idref="fl-30"/>
      </object_component>
      <object_component id="oc-4b4">
         <name>.text:USBDSetDescriptor</name>
         <load_address>0x7ba0</load_address>
         <run_address>0x7ba0</run_address>
         <size>0x18</size>
         <input_file_ref idref="fl-2f"/>
      </object_component>
      <object_component id="oc-4d2">
         <name>.text:USBDSyncFrame</name>
         <load_address>0x7bb8</load_address>
         <run_address>0x7bb8</run_address>
         <size>0x18</size>
         <input_file_ref idref="fl-2f"/>
      </object_component>
      <object_component id="oc-7e">
         <name>.text</name>
         <load_address>0x7bd0</load_address>
         <run_address>0x7bd0</run_address>
         <size>0x18</size>
         <input_file_ref idref="fl-fd"/>
      </object_component>
      <object_component id="oc-156">
         <name>.text:BS1_low</name>
         <load_address>0x7be8</load_address>
         <run_address>0x7be8</run_address>
         <size>0x14</size>
         <input_file_ref idref="fl-2"/>
      </object_component>
      <object_component id="oc-398">
         <name>.text:Disable_SW_Pin</name>
         <load_address>0x7bfc</load_address>
         <run_address>0x7bfc</run_address>
         <size>0x14</size>
         <input_file_ref idref="fl-2"/>
      </object_component>
      <object_component id="oc-b5">
         <name>.text:EPD_cs_high</name>
         <load_address>0x7c10</load_address>
         <run_address>0x7c10</run_address>
         <size>0x14</size>
         <input_file_ref idref="fl-2"/>
      </object_component>
      <object_component id="oc-e9">
         <name>.text:EPD_cs_low</name>
         <load_address>0x7c24</load_address>
         <run_address>0x7c24</run_address>
         <size>0x14</size>
         <input_file_ref idref="fl-2"/>
      </object_component>
      <object_component id="oc-ae">
         <name>.text:EPD_flash_cs_high</name>
         <load_address>0x7c38</load_address>
         <run_address>0x7c38</run_address>
         <size>0x14</size>
         <input_file_ref idref="fl-2"/>
      </object_component>
      <object_component id="oc-46c">
         <name>.text:EPD_flash_cs_low</name>
         <load_address>0x7c4c</load_address>
         <run_address>0x7c4c</run_address>
         <size>0x14</size>
         <input_file_ref idref="fl-2"/>
      </object_component>
      <object_component id="oc-92">
         <name>.text:LED1_high</name>
         <load_address>0x7c60</load_address>
         <run_address>0x7c60</run_address>
         <size>0x14</size>
         <input_file_ref idref="fl-2"/>
      </object_component>
      <object_component id="oc-354">
         <name>.text:LED1_low</name>
         <load_address>0x7c74</load_address>
         <run_address>0x7c74</run_address>
         <size>0x14</size>
         <input_file_ref idref="fl-2"/>
      </object_component>
      <object_component id="oc-e2">
         <name>.text:SPICLK_low</name>
         <load_address>0x7c88</load_address>
         <run_address>0x7c88</run_address>
         <size>0x14</size>
         <input_file_ref idref="fl-2"/>
      </object_component>
      <object_component id="oc-d4">
         <name>.text:SPIMISO_low</name>
         <load_address>0x7c9c</load_address>
         <run_address>0x7c9c</run_address>
         <size>0x14</size>
         <input_file_ref idref="fl-2"/>
      </object_component>
      <object_component id="oc-db">
         <name>.text:SPIMOSI_low</name>
         <load_address>0x7cb0</load_address>
         <run_address>0x7cb0</run_address>
         <size>0x14</size>
         <input_file_ref idref="fl-2"/>
      </object_component>
      <object_component id="oc-22c">
         <name>.text:UARTEnable</name>
         <load_address>0x7cc4</load_address>
         <run_address>0x7cc4</run_address>
         <size>0x14</size>
         <input_file_ref idref="fl-27"/>
      </object_component>
      <object_component id="oc-2d8">
         <name>.text:USBHostResume</name>
         <load_address>0x7cd8</load_address>
         <run_address>0x7cd8</run_address>
         <size>0x14</size>
         <input_file_ref idref="fl-102"/>
      </object_component>
      <object_component id="oc-7cb">
         <name>.text:_USBIndexWrite</name>
         <load_address>0x7cec</load_address>
         <run_address>0x7cec</run_address>
         <size>0x14</size>
         <input_file_ref idref="fl-102"/>
      </object_component>
      <object_component id="oc-2b3">
         <name>.text</name>
         <load_address>0x7d00</load_address>
         <run_address>0x7d00</run_address>
         <size>0x14</size>
         <input_file_ref idref="fl-fc"/>
      </object_component>
      <object_component id="oc-217">
         <name>.text:GPIOPinTypeGPIOInput</name>
         <load_address>0x7d14</load_address>
         <run_address>0x7d14</run_address>
         <size>0x12</size>
         <input_file_ref idref="fl-23"/>
      </object_component>
      <object_component id="oc-c2">
         <name>.text:GPIOPinTypeSSI</name>
         <load_address>0x7d26</load_address>
         <run_address>0x7d26</run_address>
         <size>0x12</size>
         <input_file_ref idref="fl-23"/>
      </object_component>
      <object_component id="oc-14f">
         <name>.text:Config_BS1_Pin</name>
         <load_address>0x7d38</load_address>
         <run_address>0x7d38</run_address>
         <size>0x10</size>
         <input_file_ref idref="fl-2"/>
      </object_component>
      <object_component id="oc-636">
         <name>.text:Config_EPD_DB2_Pin</name>
         <load_address>0x7d48</load_address>
         <run_address>0x7d48</run_address>
         <size>0x10</size>
         <input_file_ref idref="fl-2"/>
      </object_component>
      <object_component id="oc-117">
         <name>.text:Config_EPD_cs_Pin</name>
         <load_address>0x7d58</load_address>
         <run_address>0x7d58</run_address>
         <size>0x10</size>
         <input_file_ref idref="fl-2"/>
      </object_component>
      <object_component id="oc-13a">
         <name>.text:Config_EPD_flash_cs_Pin</name>
         <load_address>0x7d68</load_address>
         <run_address>0x7d68</run_address>
         <size>0x10</size>
         <input_file_ref idref="fl-2"/>
      </object_component>
      <object_component id="oc-148">
         <name>.text:Config_LED1_Pin</name>
         <load_address>0x7d78</load_address>
         <run_address>0x7d78</run_address>
         <size>0x10</size>
         <input_file_ref idref="fl-2"/>
      </object_component>
      <object_component id="oc-f7">
         <name>.text:EPD_DC_high</name>
         <load_address>0x7d88</load_address>
         <run_address>0x7d88</run_address>
         <size>0x10</size>
         <input_file_ref idref="fl-2"/>
      </object_component>
      <object_component id="oc-f0">
         <name>.text:EPD_DC_low</name>
         <load_address>0x7d98</load_address>
         <run_address>0x7d98</run_address>
         <size>0x10</size>
         <input_file_ref idref="fl-2"/>
      </object_component>
      <object_component id="oc-164">
         <name>.text:EPD_Vcc_turn_off</name>
         <load_address>0x7da8</load_address>
         <run_address>0x7da8</run_address>
         <size>0x10</size>
         <input_file_ref idref="fl-2"/>
      </object_component>
      <object_component id="oc-4f6">
         <name>.text:EPD_Vcc_turn_on</name>
         <load_address>0x7db8</load_address>
         <run_address>0x7db8</run_address>
         <size>0x10</size>
         <input_file_ref idref="fl-2"/>
      </object_component>
      <object_component id="oc-4fd">
         <name>.text:EPD_border_high</name>
         <load_address>0x7dc8</load_address>
         <run_address>0x7dc8</run_address>
         <size>0x10</size>
         <input_file_ref idref="fl-2"/>
      </object_component>
      <object_component id="oc-15d">
         <name>.text:EPD_border_low</name>
         <load_address>0x7dd8</load_address>
         <run_address>0x7dd8</run_address>
         <size>0x10</size>
         <input_file_ref idref="fl-2"/>
      </object_component>
      <object_component id="oc-52d">
         <name>.text:EPD_discharge_high</name>
         <load_address>0x7de8</load_address>
         <run_address>0x7de8</run_address>
         <size>0x10</size>
         <input_file_ref idref="fl-2"/>
      </object_component>
      <object_component id="oc-172">
         <name>.text:EPD_discharge_low</name>
         <load_address>0x7df8</load_address>
         <run_address>0x7df8</run_address>
         <size>0x10</size>
         <input_file_ref idref="fl-2"/>
      </object_component>
      <object_component id="oc-a0">
         <name>.text:EPD_pwm_high</name>
         <load_address>0x7e08</load_address>
         <run_address>0x7e08</run_address>
         <size>0x10</size>
         <input_file_ref idref="fl-2"/>
      </object_component>
      <object_component id="oc-a7">
         <name>.text:EPD_pwm_low</name>
         <load_address>0x7e18</load_address>
         <run_address>0x7e18</run_address>
         <size>0x10</size>
         <input_file_ref idref="fl-2"/>
      </object_component>
      <object_component id="oc-504">
         <name>.text:EPD_rst_high</name>
         <load_address>0x7e28</load_address>
         <run_address>0x7e28</run_address>
         <size>0x10</size>
         <input_file_ref idref="fl-2"/>
      </object_component>
      <object_component id="oc-16b">
         <name>.text:EPD_rst_low</name>
         <load_address>0x7e38</load_address>
         <run_address>0x7e38</run_address>
         <size>0x10</size>
         <input_file_ref idref="fl-2"/>
      </object_component>
      <object_component id="oc-2e7">
         <name>.text:USBEndpointStatus</name>
         <load_address>0x7e48</load_address>
         <run_address>0x7e48</run_address>
         <size>0x10</size>
         <input_file_ref idref="fl-102"/>
      </object_component>
      <object_component id="oc-110">
         <name>.text:Config_Busy_Pin</name>
         <load_address>0x7e58</load_address>
         <run_address>0x7e58</run_address>
         <size>0xe</size>
         <input_file_ref idref="fl-2"/>
      </object_component>
      <object_component id="oc-62f">
         <name>.text:Config_EPD_DB1_Pin</name>
         <load_address>0x7e66</load_address>
         <run_address>0x7e66</run_address>
         <size>0xe</size>
         <input_file_ref idref="fl-2"/>
      </object_component>
      <object_component id="oc-628">
         <name>.text:Config_EPD_DC_Pin</name>
         <load_address>0x7e74</load_address>
         <run_address>0x7e74</run_address>
         <size>0xe</size>
         <input_file_ref idref="fl-2"/>
      </object_component>
      <object_component id="oc-133">
         <name>.text:Config_EPD_border_Pin</name>
         <load_address>0x7e82</load_address>
         <run_address>0x7e82</run_address>
         <size>0xe</size>
         <input_file_ref idref="fl-2"/>
      </object_component>
      <object_component id="oc-12c">
         <name>.text:Config_EPD_discharge_Pin</name>
         <load_address>0x7e90</load_address>
         <run_address>0x7e90</run_address>
         <size>0xe</size>
         <input_file_ref idref="fl-2"/>
      </object_component>
      <object_component id="oc-125">
         <name>.text:Config_EPD_panelon_Pin</name>
         <load_address>0x7e9e</load_address>
         <run_address>0x7e9e</run_address>
         <size>0xe</size>
         <input_file_ref idref="fl-2"/>
      </object_component>
      <object_component id="oc-141">
         <name>.text:Config_EPD_pwm_Pin</name>
         <load_address>0x7eac</load_address>
         <run_address>0x7eac</run_address>
         <size>0xe</size>
         <input_file_ref idref="fl-2"/>
      </object_component>
      <object_component id="oc-11e">
         <name>.text:Config_EPD_rst_Pin</name>
         <load_address>0x7eba</load_address>
         <run_address>0x7eba</run_address>
         <size>0xe</size>
         <input_file_ref idref="fl-2"/>
      </object_component>
      <object_component id="oc-191">
         <name>.text:UARTCharPutNonBlocking</name>
         <load_address>0x7ec8</load_address>
         <run_address>0x7ec8</run_address>
         <size>0xe</size>
         <input_file_ref idref="fl-27"/>
      </object_component>
      <object_component id="oc-25b">
         <name>.text:USBDevLPMEnable</name>
         <load_address>0x7ed6</load_address>
         <run_address>0x7ed6</run_address>
         <size>0xe</size>
         <input_file_ref idref="fl-102"/>
      </object_component>
      <object_component id="oc-18">
         <name>.text:decompress:none</name>
         <load_address>0x7ee4</load_address>
         <run_address>0x7ee4</run_address>
         <size>0xe</size>
         <input_file_ref idref="fl-f3"/>
      </object_component>
      <object_component id="oc-1e">
         <name>.text:decompress:ZI</name>
         <load_address>0x7ef2</load_address>
         <run_address>0x7ef2</run_address>
         <size>0xc</size>
         <input_file_ref idref="fl-f4"/>
      </object_component>
      <object_component id="oc-26d">
         <name>.text:USBDevDisconnect</name>
         <load_address>0x7efe</load_address>
         <run_address>0x7efe</run_address>
         <size>0xa</size>
         <input_file_ref idref="fl-102"/>
      </object_component>
      <object_component id="oc-261">
         <name>.text:USBIntStatusEndpoint</name>
         <load_address>0x7f08</load_address>
         <run_address>0x7f08</run_address>
         <size>0xa</size>
         <input_file_ref idref="fl-102"/>
      </object_component>
      <object_component id="oc-197">
         <name>.text:UARTBusy</name>
         <load_address>0x7f12</load_address>
         <run_address>0x7f12</run_address>
         <size>0x8</size>
         <input_file_ref idref="fl-27"/>
      </object_component>
      <object_component id="oc-485">
         <name>.text:GPIOPinRead</name>
         <load_address>0x7f1a</load_address>
         <run_address>0x7f1a</run_address>
         <size>0x6</size>
         <input_file_ref idref="fl-23"/>
      </object_component>
      <object_component id="oc-1f9">
         <name>.text:GPIOPinWrite</name>
         <load_address>0x7f20</load_address>
         <run_address>0x7f20</run_address>
         <size>0x6</size>
         <input_file_ref idref="fl-23"/>
      </object_component>
      <object_component id="oc-211">
         <name>.text:SysCtlDelay</name>
         <load_address>0x7f26</load_address>
         <run_address>0x7f26</run_address>
         <size>0x6</size>
         <input_file_ref idref="fl-25"/>
      </object_component>
      <object_component id="oc-255">
         <name>.text:USBLPMIntStatus</name>
         <load_address>0x7f2c</load_address>
         <run_address>0x7f2c</run_address>
         <size>0x6</size>
         <input_file_ref idref="fl-102"/>
      </object_component>
      <object_component id="oc-9a">
         <name>.text:TimerIntClear</name>
         <load_address>0x7f32</load_address>
         <run_address>0x7f32</run_address>
         <size>0x4</size>
         <input_file_ref idref="fl-26"/>
      </object_component>
      <object_component id="oc-2f3">
         <name>.text:USBDevAddrSet</name>
         <load_address>0x7f36</load_address>
         <run_address>0x7f36</run_address>
         <size>0x4</size>
         <input_file_ref idref="fl-102"/>
      </object_component>
      <object_component id="oc-72">
         <name>.text</name>
         <load_address>0x7f3a</load_address>
         <run_address>0x7f3a</run_address>
         <size>0x4</size>
         <input_file_ref idref="fl-fa"/>
      </object_component>
      <object_component id="oc-69c">
         <name>.const:.string:$P$T1</name>
         <load_address>0x7f40</load_address>
         <run_address>0x7f40</run_address>
         <size>0xb13</size>
         <input_file_ref idref="fl-3b"/>
      </object_component>
      <object_component id="oc-6be">
         <name>.const:.string:$P$T6</name>
         <load_address>0x8a53</load_address>
         <run_address>0x8a53</run_address>
         <size>0x567</size>
         <input_file_ref idref="fl-3a"/>
      </object_component>
      <object_component id="oc-67d">
         <name>.const:.string:$P$T6</name>
         <load_address>0x8fba</load_address>
         <run_address>0x8fba</run_address>
         <size>0x231</size>
         <input_file_ref idref="fl-38"/>
      </object_component>
      <object_component id="oc-655">
         <name>.const:.string:$P$T2</name>
         <load_address>0x91eb</load_address>
         <run_address>0x91eb</run_address>
         <size>0x181</size>
         <input_file_ref idref="fl-37"/>
      </object_component>
      <object_component id="oc-340">
         <name>.const:Driver_Handle_list</name>
         <load_address>0x936c</load_address>
         <run_address>0x936c</run_address>
         <size>0x134</size>
         <input_file_ref idref="fl-f"/>
      </object_component>
      <object_component id="oc-6bb">
         <name>.const:.string:$P$T1</name>
         <load_address>0x94a0</load_address>
         <run_address>0x94a0</run_address>
         <size>0x111</size>
         <input_file_ref idref="fl-3a"/>
      </object_component>
      <object_component id="oc-67a">
         <name>.const:.string:$P$T1</name>
         <load_address>0x95b1</load_address>
         <run_address>0x95b1</run_address>
         <size>0x10c</size>
         <input_file_ref idref="fl-38"/>
      </object_component>
      <object_component id="oc-201">
         <name>.const:g_pui32GPIOBaseAddrs</name>
         <load_address>0x96c0</load_address>
         <run_address>0x96c0</run_address>
         <size>0x90</size>
         <input_file_ref idref="fl-23"/>
      </object_component>
      <object_component id="oc-541">
         <name>.const:eTC_G2Ma_RT_WT</name>
         <load_address>0x9750</load_address>
         <run_address>0x9750</run_address>
         <size>0x6c</size>
         <input_file_ref idref="fl-11"/>
      </object_component>
      <object_component id="oc-547">
         <name>.const:eTC_G2Ma_parameters</name>
         <load_address>0x97bc</load_address>
         <run_address>0x97bc</run_address>
         <size>0x64</size>
         <input_file_ref idref="fl-11"/>
      </object_component>
      <object_component id="oc-51e">
         <name>.const:eTC_G2Mb_parameters</name>
         <load_address>0x9820</load_address>
         <run_address>0x9820</run_address>
         <size>0x64</size>
         <input_file_ref idref="fl-12"/>
      </object_component>
      <object_component id="oc-6b8">
         <name>.const:.string</name>
         <load_address>0x9884</load_address>
         <run_address>0x9884</run_address>
         <size>0x51</size>
         <input_file_ref idref="fl-3a"/>
      </object_component>
      <object_component id="oc-652">
         <name>.const:.string:$P$T1</name>
         <load_address>0x98d5</load_address>
         <run_address>0x98d5</run_address>
         <size>0x50</size>
         <input_file_ref idref="fl-37"/>
      </object_component>
      <object_component id="oc-50e">
         <name>.const:eTC_G2Mb_TF_table</name>
         <load_address>0x9926</load_address>
         <run_address>0x9926</run_address>
         <size>0x50</size>
         <input_file_ref idref="fl-12"/>
      </object_component>
      <object_component id="oc-6f0">
         <name>.const:.string:$P$T6</name>
         <load_address>0x9976</load_address>
         <run_address>0x9976</run_address>
         <size>0x4f</size>
         <input_file_ref idref="fl-19"/>
      </object_component>
      <object_component id="oc-677">
         <name>.const:.string</name>
         <load_address>0x99c5</load_address>
         <run_address>0x99c5</run_address>
         <size>0x4e</size>
         <input_file_ref idref="fl-38"/>
      </object_component>
      <object_component id="oc-367">
         <name>.const:Command_Event</name>
         <load_address>0x9a14</load_address>
         <run_address>0x9a14</run_address>
         <size>0x4c</size>
         <input_file_ref idref="fl-d"/>
      </object_component>
      <object_component id="oc-658">
         <name>.const:.string</name>
         <load_address>0x9a60</load_address>
         <run_address>0x9a60</run_address>
         <size>0x41</size>
         <input_file_ref idref="fl-37"/>
      </object_component>
      <object_component id="oc-527">
         <name>.const:eTC_G2Mb_data_lookuptable</name>
         <load_address>0x9aa1</load_address>
         <run_address>0x9aa1</run_address>
         <size>0x40</size>
         <input_file_ref idref="fl-12"/>
      </object_component>
      <object_component id="oc-69f">
         <name>.const:.string:$P$T2</name>
         <load_address>0x9ae1</load_address>
         <run_address>0x9ae1</run_address>
         <size>0x3f</size>
         <input_file_ref idref="fl-3b"/>
      </object_component>
      <object_component id="oc-65b">
         <name>.const:.string:$P$T6</name>
         <load_address>0x9b20</load_address>
         <run_address>0x9b20</run_address>
         <size>0x3d</size>
         <input_file_ref idref="fl-37"/>
      </object_component>
      <object_component id="oc-65e">
         <name>.const:.string:$P$T7</name>
         <load_address>0x9b5d</load_address>
         <run_address>0x9b5d</run_address>
         <size>0x3a</size>
         <input_file_ref idref="fl-37"/>
      </object_component>
      <object_component id="oc-6ab">
         <name>.const:.string:$P$T2</name>
         <load_address>0x9b97</load_address>
         <run_address>0x9b97</run_address>
         <size>0x37</size>
         <input_file_ref idref="fl-17"/>
      </object_component>
      <object_component id="oc-6ed">
         <name>.const:.string:$P$T5</name>
         <load_address>0x9bce</load_address>
         <run_address>0x9bce</run_address>
         <size>0x37</size>
         <input_file_ref idref="fl-19"/>
      </object_component>
      <object_component id="oc-6f3">
         <name>.const:.string:$P$T7</name>
         <load_address>0x9c05</load_address>
         <run_address>0x9c05</run_address>
         <size>0x37</size>
         <input_file_ref idref="fl-19"/>
      </object_component>
      <object_component id="oc-6f6">
         <name>.const:.string:$P$T8</name>
         <load_address>0x9c3c</load_address>
         <run_address>0x9c3c</run_address>
         <size>0x37</size>
         <input_file_ref idref="fl-19"/>
      </object_component>
      <object_component id="oc-6f9">
         <name>.const:.string:$P$T9</name>
         <load_address>0x9c73</load_address>
         <run_address>0x9c73</run_address>
         <size>0x37</size>
         <input_file_ref idref="fl-19"/>
      </object_component>
      <object_component id="oc-3cb">
         <name>.const:g_psUSBDStdRequests</name>
         <load_address>0x9cac</load_address>
         <run_address>0x9cac</run_address>
         <size>0x34</size>
         <input_file_ref idref="fl-2f"/>
      </object_component>
      <object_component id="oc-66a">
         <name>.const:.string:$P$T2</name>
         <load_address>0x9ce0</load_address>
         <run_address>0x9ce0</run_address>
         <size>0x32</size>
         <input_file_ref idref="fl-13"/>
      </object_component>
      <object_component id="oc-699">
         <name>.const:.string</name>
         <load_address>0x9d12</load_address>
         <run_address>0x9d12</run_address>
         <size>0x31</size>
         <input_file_ref idref="fl-3b"/>
      </object_component>
      <object_component id="oc-6cd">
         <name>.const:.string:$P$T2</name>
         <load_address>0x9d43</load_address>
         <run_address>0x9d43</run_address>
         <size>0x2b</size>
         <input_file_ref idref="fl-16"/>
      </object_component>
      <object_component id="oc-6c1">
         <name>.const:.string:$P$T7</name>
         <load_address>0x9d6e</load_address>
         <run_address>0x9d6e</run_address>
         <size>0x2b</size>
         <input_file_ref idref="fl-3a"/>
      </object_component>
      <object_component id="oc-557">
         <name>.const</name>
         <load_address>0x9d99</load_address>
         <run_address>0x9d99</run_address>
         <size>0x28</size>
         <input_file_ref idref="fl-37"/>
      </object_component>
      <object_component id="oc-566">
         <name>.const</name>
         <load_address>0x9dc1</load_address>
         <run_address>0x9dc1</run_address>
         <size>0x28</size>
         <input_file_ref idref="fl-38"/>
      </object_component>
      <object_component id="oc-57a">
         <name>.const</name>
         <load_address>0x9de9</load_address>
         <run_address>0x9de9</run_address>
         <size>0x28</size>
         <input_file_ref idref="fl-3a"/>
      </object_component>
      <object_component id="oc-667">
         <name>.const:.string:$P$T1</name>
         <load_address>0x9e11</load_address>
         <run_address>0x9e11</run_address>
         <size>0x24</size>
         <input_file_ref idref="fl-13"/>
      </object_component>
      <object_component id="oc-680">
         <name>.const:.string:$P$T7</name>
         <load_address>0x9e35</load_address>
         <run_address>0x9e35</run_address>
         <size>0x24</size>
         <input_file_ref idref="fl-38"/>
      </object_component>
      <object_component id="oc-6dc">
         <name>.const:.string:$P$T0</name>
         <load_address>0x9e59</load_address>
         <run_address>0x9e59</run_address>
         <size>0x23</size>
         <input_file_ref idref="fl-19"/>
      </object_component>
      <object_component id="oc-68c">
         <name>.const:.string:$P$T2</name>
         <load_address>0x9e7c</load_address>
         <run_address>0x9e7c</run_address>
         <size>0x23</size>
         <input_file_ref idref="fl-14"/>
      </object_component>
      <object_component id="oc-6ca">
         <name>.const:.string:$P$T1</name>
         <load_address>0x9e9f</load_address>
         <run_address>0x9e9f</run_address>
         <size>0x22</size>
         <input_file_ref idref="fl-16"/>
      </object_component>
      <object_component id="oc-6a8">
         <name>.const:.string:$P$T1</name>
         <load_address>0x9ec1</load_address>
         <run_address>0x9ec1</run_address>
         <size>0x22</size>
         <input_file_ref idref="fl-17"/>
      </object_component>
      <object_component id="oc-689">
         <name>.const:.string:$P$T1</name>
         <load_address>0x9ee3</load_address>
         <run_address>0x9ee3</run_address>
         <size>0x21</size>
         <input_file_ref idref="fl-14"/>
      </object_component>
      <object_component id="oc-664">
         <name>.const:.string:$P$T0</name>
         <load_address>0x9f04</load_address>
         <run_address>0x9f04</run_address>
         <size>0x19</size>
         <input_file_ref idref="fl-13"/>
      </object_component>
      <object_component id="oc-6a5">
         <name>.const:.string:$P$T0</name>
         <load_address>0x9f1d</load_address>
         <run_address>0x9f1d</run_address>
         <size>0x19</size>
         <input_file_ref idref="fl-17"/>
      </object_component>
      <object_component id="oc-686">
         <name>.const:.string:$P$T0</name>
         <load_address>0x9f36</load_address>
         <run_address>0x9f36</run_address>
         <size>0x16</size>
         <input_file_ref idref="fl-14"/>
      </object_component>
      <object_component id="oc-6c7">
         <name>.const:.string:$P$T0</name>
         <load_address>0x9f4c</load_address>
         <run_address>0x9f4c</run_address>
         <size>0x16</size>
         <input_file_ref idref="fl-16"/>
      </object_component>
      <object_component id="oc-68f">
         <name>.const:.string:$P$T3</name>
         <load_address>0x9f62</load_address>
         <run_address>0x9f62</run_address>
         <size>0x15</size>
         <input_file_ref idref="fl-14"/>
      </object_component>
      <object_component id="oc-6ae">
         <name>.const:.string:$P$T3</name>
         <load_address>0x9f77</load_address>
         <run_address>0x9f77</run_address>
         <size>0x15</size>
         <input_file_ref idref="fl-17"/>
      </object_component>
      <object_component id="oc-6e5">
         <name>.const:.string:$P$T3</name>
         <load_address>0x9f8c</load_address>
         <run_address>0x9f8c</run_address>
         <size>0x15</size>
         <input_file_ref idref="fl-19"/>
      </object_component>
      <object_component id="oc-570">
         <name>.const</name>
         <load_address>0x9fa1</load_address>
         <run_address>0x9fa1</run_address>
         <size>0x14</size>
         <input_file_ref idref="fl-3b"/>
      </object_component>
      <object_component id="oc-55a">
         <name>.const:iTC_215Mb_OTP_LUT</name>
         <load_address>0x9fb5</load_address>
         <run_address>0x9fb5</run_address>
         <size>0x14</size>
         <input_file_ref idref="fl-13"/>
      </object_component>
      <object_component id="oc-569">
         <name>.const:iTC_287Mb_OTP_LUT</name>
         <load_address>0x9fc9</load_address>
         <run_address>0x9fc9</run_address>
         <size>0x14</size>
         <input_file_ref idref="fl-14"/>
      </object_component>
      <object_component id="oc-57d">
         <name>.const:iTC_420Mb_OTP_LUT</name>
         <load_address>0x9fdd</load_address>
         <run_address>0x9fdd</run_address>
         <size>0x14</size>
         <input_file_ref idref="fl-16"/>
      </object_component>
      <object_component id="oc-573">
         <name>.const:iTC_420Sp_OTP_LUT</name>
         <load_address>0x9ff1</load_address>
         <run_address>0x9ff1</run_address>
         <size>0x14</size>
         <input_file_ref idref="fl-17"/>
      </object_component>
      <object_component id="oc-587">
         <name>.const:iTC_UC8451cSp_OTP_LUT</name>
         <load_address>0xa005</load_address>
         <run_address>0xa005</run_address>
         <size>0x14</size>
         <input_file_ref idref="fl-19"/>
      </object_component>
      <object_component id="oc-66d">
         <name>.const:.string:$P$T3</name>
         <load_address>0xa019</load_address>
         <run_address>0xa019</run_address>
         <size>0x13</size>
         <input_file_ref idref="fl-13"/>
      </object_component>
      <object_component id="oc-622">
         <name>.const:.string:$P$T0$1</name>
         <load_address>0xa02c</load_address>
         <run_address>0xa02c</run_address>
         <size>0x10</size>
         <input_file_ref idref="fl-18"/>
      </object_component>
      <object_component id="oc-625">
         <name>.const:.string:$P$T1$2</name>
         <load_address>0xa03c</load_address>
         <run_address>0xa03c</run_address>
         <size>0x10</size>
         <input_file_ref idref="fl-18"/>
      </object_component>
      <object_component id="oc-63d">
         <name>.const:.string:$P$T2$3</name>
         <load_address>0xa04c</load_address>
         <run_address>0xa04c</run_address>
         <size>0x10</size>
         <input_file_ref idref="fl-18"/>
      </object_component>
      <object_component id="oc-640">
         <name>.const:.string:$P$T3$4</name>
         <load_address>0xa05c</load_address>
         <run_address>0xa05c</run_address>
         <size>0x10</size>
         <input_file_ref idref="fl-18"/>
      </object_component>
      <object_component id="oc-6d0">
         <name>.const:.string:$P$T3</name>
         <load_address>0xa06c</load_address>
         <run_address>0xa06c</run_address>
         <size>0xe</size>
         <input_file_ref idref="fl-16"/>
      </object_component>
      <object_component id="oc-670">
         <name>.const:.string:$P$T4</name>
         <load_address>0xa07a</load_address>
         <run_address>0xa07a</run_address>
         <size>0xa</size>
         <input_file_ref idref="fl-13"/>
      </object_component>
      <object_component id="oc-692">
         <name>.const:.string:$P$T4</name>
         <load_address>0xa084</load_address>
         <run_address>0xa084</run_address>
         <size>0xa</size>
         <input_file_ref idref="fl-14"/>
      </object_component>
      <object_component id="oc-6d3">
         <name>.const:.string:$P$T4</name>
         <load_address>0xa08e</load_address>
         <run_address>0xa08e</run_address>
         <size>0xa</size>
         <input_file_ref idref="fl-16"/>
      </object_component>
      <object_component id="oc-6b1">
         <name>.const:.string:$P$T4</name>
         <load_address>0xa098</load_address>
         <run_address>0xa098</run_address>
         <size>0xa</size>
         <input_file_ref idref="fl-17"/>
      </object_component>
      <object_component id="oc-6e8">
         <name>.const:.string:$P$T4</name>
         <load_address>0xa0a2</load_address>
         <run_address>0xa0a2</run_address>
         <size>0xa</size>
         <input_file_ref idref="fl-19"/>
      </object_component>
      <object_component id="oc-6df">
         <name>.const:.string:$P$T1</name>
         <load_address>0xa0ac</load_address>
         <run_address>0xa0ac</run_address>
         <size>0x9</size>
         <input_file_ref idref="fl-19"/>
      </object_component>
      <object_component id="oc-52a">
         <name>.const:.string:eTC_G2Mb_scan_lookuptable</name>
         <load_address>0xa0b5</load_address>
         <run_address>0xa0b5</run_address>
         <size>0x8</size>
         <input_file_ref idref="fl-12"/>
      </object_component>
      <object_component id="oc-53b">
         <name>.const:.string:eTC_G2Ma_SCAN_TABLE</name>
         <load_address>0xa0bd</load_address>
         <run_address>0xa0bd</run_address>
         <size>0x4</size>
         <input_file_ref idref="fl-11"/>
      </object_component>
      <object_component id="oc-524">
         <name>.const:.string:eTC_G2Mb_BORDER_TABLE</name>
         <load_address>0xa0c1</load_address>
         <run_address>0xa0c1</run_address>
         <size>0x4</size>
         <input_file_ref idref="fl-12"/>
      </object_component>
      <object_component id="oc-521">
         <name>.const:.string:eTC_G2Mb_SCAN_TABLE</name>
         <load_address>0xa0c5</load_address>
         <run_address>0xa0c5</run_address>
         <size>0x4</size>
         <input_file_ref idref="fl-12"/>
      </object_component>
      <object_component id="oc-805">
         <name>.cinit..data.load</name>
         <load_address>0xa0d0</load_address>
         <run_address>0xa0d0</run_address>
         <size>0x87</size>
      </object_component>
      <object_component id="oc-803">
         <name>__TI_handler_table</name>
         <load_address>0xa158</load_address>
         <run_address>0xa158</run_address>
         <size>0xc</size>
      </object_component>
      <object_component id="oc-806">
         <name>.cinit..bss.load</name>
         <load_address>0xa168</load_address>
         <run_address>0xa168</run_address>
         <size>0x8</size>
      </object_component>
      <object_component id="oc-804">
         <name>__TI_cinit_table</name>
         <load_address>0xa170</load_address>
         <run_address>0xa170</run_address>
         <size>0x10</size>
      </object_component>
      <object_component id="oc-107">
         <name>.data</name>
         <load_address>0x200018d3</load_address>
         <run_address>0x200018d3</run_address>
         <size>0x1</size>
         <input_file_ref idref="fl-3"/>
      </object_component>
      <object_component id="oc-388">
         <name>.data</name>
         <load_address>0x20001902</load_address>
         <run_address>0x20001902</run_address>
         <size>0x2</size>
         <input_file_ref idref="fl-b"/>
      </object_component>
      <object_component id="oc-480">
         <name>.data</name>
         <load_address>0x200018f0</load_address>
         <run_address>0x200018f0</run_address>
         <size>0x4</size>
         <input_file_ref idref="fl-c"/>
      </object_component>
      <object_component id="oc-414">
         <name>.data:$P$T0</name>
         <load_address>0x200018e4</load_address>
         <run_address>0x200018e4</run_address>
         <size>0x6</size>
         <input_file_ref idref="fl-f"/>
      </object_component>
      <object_component id="oc-41d">
         <name>.data:$P$T1</name>
         <load_address>0x200018ea</load_address>
         <run_address>0x200018ea</run_address>
         <size>0x6</size>
         <input_file_ref idref="fl-f"/>
      </object_component>
      <object_component id="oc-426">
         <name>.data:$P$T2</name>
         <load_address>0x200018fc</load_address>
         <run_address>0x200018fc</run_address>
         <size>0x2</size>
         <input_file_ref idref="fl-f"/>
      </object_component>
      <object_component id="oc-42f">
         <name>.data:$P$T3</name>
         <load_address>0x200018fe</load_address>
         <run_address>0x200018fe</run_address>
         <size>0x2</size>
         <input_file_ref idref="fl-f"/>
      </object_component>
      <object_component id="oc-438">
         <name>.data:$P$T4</name>
         <load_address>0x2000188d</load_address>
         <run_address>0x2000188d</run_address>
         <size>0x3</size>
         <input_file_ref idref="fl-f"/>
      </object_component>
      <object_component id="oc-441">
         <name>.data:$P$T5</name>
         <load_address>0x20001900</load_address>
         <run_address>0x20001900</run_address>
         <size>0x2</size>
         <input_file_ref idref="fl-f"/>
      </object_component>
      <object_component id="oc-44a">
         <name>.data:$P$T6</name>
         <load_address>0x200018c8</load_address>
         <run_address>0x200018c8</run_address>
         <size>0xb</size>
         <input_file_ref idref="fl-f"/>
      </object_component>
      <object_component id="oc-544">
         <name>.data</name>
         <load_address>0x20001904</load_address>
         <run_address>0x20001904</run_address>
         <size>0x1</size>
         <input_file_ref idref="fl-11"/>
      </object_component>
      <object_component id="oc-511">
         <name>.data</name>
         <load_address>0x200018f4</load_address>
         <run_address>0x200018f4</run_address>
         <size>0x4</size>
         <input_file_ref idref="fl-12"/>
      </object_component>
      <object_component id="oc-61c">
         <name>.data</name>
         <load_address>0x20001848</load_address>
         <run_address>0x20001848</run_address>
         <size>0x2c</size>
         <input_file_ref idref="fl-18"/>
      </object_component>
      <object_component id="oc-58a">
[...]
      </symbol>
      <symbol id="sm-b58">
         <name>decod_cmd</name>
         <value>0x1a29</value>
         <object_component_ref idref="oc-551"/>
      </symbol>
      <symbol id="sm-b59">
         <name>iTC_initialize_driver</name>
         <value>0x25c9</value>
         <object_component_ref idref="oc-551"/>
      </symbol>
      <symbol id="sm-b5a">
         <name>iTC_Display_from_flash_ex</name>
         <value>0x266d</value>
         <object_component_ref idref="oc-551"/>
      </symbol>
      <symbol id="sm-be1">
         <name>iTC_UC8451cSp_OTP_LUT</name>
         <value>0xa005</value>
         <object_component_ref idref="oc-587"/>
      </symbol>
      <symbol id="sm-be2">
         <name>iTC_UC8451cSp_power_off</name>
         <value>0x60a1</value>
         <object_component_ref idref="oc-44d"/>
      </symbol>
      <symbol id="sm-be3">
         <name>iTC_UC8451cSp_SetColormode</name>
         <value>0x60a9</value>
         <object_component_ref idref="oc-44d"/>
      </symbol>
      <symbol id="sm-be4">
         <name>iTC_UC8451cSp_IO_Config</name>
         <value>0x5f31</value>
         <object_component_ref idref="oc-44d"/>
      </symbol>
      <symbol id="sm-be5">
         <name>iTC_UC8451cSp_Display_from_Ram</name>
         <value>0x5f71</value>
         <object_component_ref idref="oc-44d"/>
      </symbol>
      <symbol id="sm-be6">
         <name>iTC_UC8451cSp_Display_from_flash</name>
         <value>0x6005</value>
         <object_component_ref idref="oc-44d"/>
      </symbol>
      <symbol id="sm-be7">
         <name>iTC_UC8451cSp_power_on</name>
         <value>0x5f39</value>
         <object_component_ref idref="oc-44d"/>
      </symbol>
      <symbol id="sm-be8">
         <name>iTC_UC8451cSp_initialize_driver</name>
         <value>0x5f61</value>
         <object_component_ref idref="oc-44d"/>
      </symbol>
      <symbol id="sm-be9">
         <name>ImageSetting_LUT</name>
         <value>0x20001890</value>
         <object_component_ref idref="oc-58a"/>
      </symbol>
      <symbol id="sm-bf4">
         <name>main</name>
         <value>0x7aa5</value>
         <object_component_ref idref="oc-1da"/>
      </symbol>
      <symbol id="sm-c46">
         <name>GPIOPinConfigure</name>
         <value>0x74ed</value>
         <object_component_ref idref="oc-bc"/>
      </symbol>
      <symbol id="sm-c47">
         <name>GPIOPinTypeGPIOInput</name>
         <value>0x7d15</value>
         <object_component_ref idref="oc-217"/>
      </symbol>
      <symbol id="sm-c48">
         <name>GPIOPinTypeGPIOOutput</name>
         <value>0x7b6f</value>
         <object_component_ref idref="oc-ce"/>
      </symbol>
      <symbol id="sm-c49">
         <name>GPIOPinRead</name>
         <value>0x7f1b</value>
         <object_component_ref idref="oc-485"/>
      </symbol>
      <symbol id="sm-c4a">
         <name>GPIODirModeSet</name>
         <value>0x78c5</value>
         <object_component_ref idref="oc-206"/>
      </symbol>
      <symbol id="sm-c4b">
         <name>GPIOPinWrite</name>
         <value>0x7f21</value>
         <object_component_ref idref="oc-1f9"/>
      </symbol>
      <symbol id="sm-c4c">
         <name>GPIOPadConfigSet</name>
         <value>0x64ad</value>
         <object_component_ref idref="oc-c8"/>
      </symbol>
      <symbol id="sm-c4d">
         <name>GPIOPinTypeSSI</name>
         <value>0x7d27</value>
         <object_component_ref idref="oc-c2"/>
      </symbol>
      <symbol id="sm-c7a">
         <name>SysCtlClockSet</name>
         <value>0x65e1</value>
         <object_component_ref idref="oc-101"/>
      </symbol>
      <symbol id="sm-c7b">
         <name>SysCtlDelay</name>
         <value>0x7f27</value>
         <object_component_ref idref="oc-211"/>
      </symbol>
      <symbol id="sm-c7c">
         <name>SysCtlPeripheralEnable</name>
         <value>0x779d</value>
         <object_component_ref idref="oc-10a"/>
      </symbol>
      <symbol id="sm-c89">
         <name>TimerIntClear</name>
         <value>0x7f33</value>
         <object_component_ref idref="oc-9a"/>
      </symbol>
      <symbol id="sm-cba">
         <name>UARTCharPutNonBlocking</name>
         <value>0x7ec9</value>
         <object_component_ref idref="oc-191"/>
      </symbol>
      <symbol id="sm-cbb">
         <name>UARTConfigSetExpClk</name>
         <value>0x757d</value>
         <object_component_ref idref="oc-18b"/>
      </symbol>
      <symbol id="sm-cbc">
         <name>UARTDisable</name>
         <value>0x7a85</value>
         <object_component_ref idref="oc-226"/>
      </symbol>
      <symbol id="sm-cbd">
         <name>UARTBusy</name>
         <value>0x7f13</value>
         <object_component_ref idref="oc-197"/>
      </symbol>
      <symbol id="sm-cbe">
         <name>UARTEnable</name>
         <value>0x7cc5</value>
         <object_component_ref idref="oc-22c"/>
      </symbol>
      <symbol id="sm-d08">
         <name>g_pfnTickHandlers</name>
         <value>0x20001378</value>
      </symbol>
      <symbol id="sm-d09">
         <name>g_pvTickInstance</name>
         <value>0x20001390</value>
      </symbol>
      <symbol id="sm-d0a">
         <name>g_ui32USBSOFCount</name>
         <value>0x200018c4</value>
         <object_component_ref idref="oc-279"/>
      </symbol>
      <symbol id="sm-d0b">
         <name>g_bUSBTimerInitialized</name>
         <value>0x200018bc</value>
         <object_component_ref idref="oc-279"/>
      </symbol>
      <symbol id="sm-d0c">
         <name>g_ui32CurrentUSBTick</name>
         <value>0x200018c0</value>
         <object_component_ref idref="oc-279"/>
      </symbol>
      <symbol id="sm-d0d">
         <name>InternalUSBStartOfFrameTick</name>
         <value>0x7689</value>
         <object_component_ref idref="oc-24f"/>
      </symbol>
      <symbol id="sm-e6e">
         <name>g_ppsDevInfo</name>
         <value>0x2000143c</value>
      </symbol>
      <symbol id="sm-e6f">
         <name>USBDCDStallEP0</name>
         <value>0x7b39</value>
         <object_component_ref idref="oc-3c2"/>
      </symbol>
      <symbol id="sm-e70">
         <name>USBDeviceEnumHandler</name>
         <value>0x67b9</value>
         <object_component_ref idref="oc-267"/>
      </symbol>
      <symbol id="sm-e71">
         <name>USBDeviceEnumResetHandler</name>
         <value>0x7535</value>
         <object_component_ref idref="oc-243"/>
      </symbol>
      <symbol id="sm-e72">
         <name>g_psDCDInst</name>
         <value>0x20001240</value>
         <object_component_ref idref="oc-276"/>
      </symbol>
      <symbol id="sm-e73">
         <name>USBDeviceIntHandlerInternal</name>
         <value>0x6215</value>
         <object_component_ref idref="oc-1ab"/>
      </symbol>
      <symbol id="sm-e74">
         <name>USBDeviceResumeTickHandler</name>
         <value>0x7325</value>
         <object_component_ref idref="oc-249"/>
      </symbol>
      <symbol id="sm-e80">
         <name>USB0DeviceIntHandler</name>
         <value>0x7b89</value>
         <object_component_ref idref="oc-40"/>
      </symbol>
      <symbol id="sm-e9e">
         <name>USBDescGet</name>
         <value>0x7899</value>
         <object_component_ref idref="oc-7ba"/>
      </symbol>
      <symbol id="sm-e9f">
         <name>USBDescGetNum</name>
         <value>0x7919</value>
         <object_component_ref idref="oc-728"/>
      </symbol>
      <symbol id="sm-ef2">
         <name>USBDCDConfigDescGet</name>
         <value>0x72d5</value>
         <object_component_ref idref="oc-702"/>
      </symbol>
      <symbol id="sm-ef3">
         <name>USBDCDConfigGetInterface</name>
         <value>0x7b1d</value>
         <object_component_ref idref="oc-5c3"/>
      </symbol>
      <symbol id="sm-ef4">
         <name>USBDCDConfigDescGetSize</name>
         <value>0x7b55</value>
         <object_component_ref idref="oc-3cf"/>
      </symbol>
      <symbol id="sm-ef5">
         <name>USBDCDConfigGetInterfaceEndpoint</name>
         <value>0x76c1</value>
         <object_component_ref idref="oc-708"/>
      </symbol>
      <symbol id="sm-ef6">
         <name>USBDCDConfigDescGetNum</name>
         <value>0x78ef</value>
         <object_component_ref idref="oc-5bd"/>
      </symbol>
      <symbol id="sm-f43">
         <name>USBDeviceConfigAlternate</name>
         <value>0x6c59</value>
         <object_component_ref idref="oc-5c9"/>
      </symbol>
      <symbol id="sm-f44">
         <name>USBDeviceConfig</name>
         <value>0x6365</value>
         <object_component_ref idref="oc-5b5"/>
      </symbol>
      <symbol id="sm-f8c">
         <name>iTC_215Mb_LUT</name>
         <value>0x9d99</value>
         <object_component_ref idref="oc-557"/>
      </symbol>
      <symbol id="sm-f8d">
         <name>iTC_215Mb_PU_LUT</name>
         <value>0x9dad</value>
         <object_component_ref idref="oc-557"/>
      </symbol>
      <symbol id="sm-fc1">
         <name>iTC_287Mb_PU_LUT</name>
         <value>0x9dc1</value>
         <object_component_ref idref="oc-566"/>
      </symbol>
      <symbol id="sm-fc2">
         <name>iTC_287Mb_LUT</name>
         <value>0x9dd5</value>
         <object_component_ref idref="oc-566"/>
      </symbol>
      <symbol id="sm-fff">
         <name>iTC_420Mb_LUT</name>
         <value>0x9dfd</value>
         <object_component_ref idref="oc-57a"/>
      </symbol>
      <symbol id="sm-1000">
         <name>iTC_420Mb_PU_LUT</name>
         <value>0x9de9</value>
         <object_component_ref idref="oc-57a"/>
      </symbol>
      <symbol id="sm-1024">
         <name>iTC_420Sp_LUT</name>
         <value>0x9fa1</value>
         <object_component_ref idref="oc-570"/>
      </symbol>
      <symbol id="sm-1035">
         <name>_c_int00</name>
         <value>0x722d</value>
         <object_component_ref idref="oc-24"/>
      </symbol>
      <symbol id="sm-1036">
         <name>__stack</name>
         <value>0x20001444</value>
         <object_component_ref idref="oc-2a"/>
      </symbol>
      <symbol id="sm-1054">
         <name>__TI_decompress_lzss</name>
         <value>0x7105</value>
         <object_component_ref idref="oc-12"/>
      </symbol>
      <symbol id="sm-106b">
         <name>__TI_decompress_none</name>
         <value>0x7ee5</value>
         <object_component_ref idref="oc-18"/>
      </symbol>
      <symbol id="sm-107d">
         <name>__TI_zero_init</name>
         <value>0x7ef3</value>
         <object_component_ref idref="oc-1e"/>
      </symbol>
      <symbol id="sm-109e">
         <name>C$$EXIT</name>
         <value>0x7281</value>
         <object_component_ref idref="oc-84"/>
      </symbol>
      <symbol id="sm-109f">
         <name>abort</name>
         <value>0x7285</value>
         <object_component_ref idref="oc-84"/>
      </symbol>
      <symbol id="sm-10a0">
         <name>exit</name>
         <value>0x728d</value>
         <object_component_ref idref="oc-84"/>
      </symbol>
      <symbol id="sm-10a1">
         <name>__TI_dtors_ptr</name>
         <value>0x200018a8</value>
         <object_component_ref idref="oc-1e2"/>
      </symbol>
      <symbol id="sm-10a2">
         <name>__TI_cleanup_ptr</name>
         <value>0x200018a4</value>
         <object_component_ref idref="oc-1e2"/>
      </symbol>
      <symbol id="sm-10a3">
         <name>__TI_enable_exit_profile_output</name>
         <value>0x200018ac</value>
         <object_component_ref idref="oc-1e2"/>
      </symbol>
      <symbol id="sm-10be">
         <name>memcpy</name>
         <value>0x6a95</value>
         <object_component_ref idref="oc-54"/>
      </symbol>
      <symbol id="sm-10bf">
         <name>__aeabi_memcpy</name>
         <value>0x6a95</value>
         <object_component_ref idref="oc-54"/>
      </symbol>
      <symbol id="sm-10c0">
         <name>__aeabi_memcpy8</name>
         <value>0x6a95</value>
         <object_component_ref idref="oc-54"/>
      </symbol>
      <symbol id="sm-10c1">
         <name>__aeabi_memcpy4</name>
         <value>0x6a95</value>
         <object_component_ref idref="oc-54"/>
      </symbol>
      <symbol id="sm-1135">
         <name>_sys_memory</name>
         <value>0x20001648</value>
         <object_component_ref idref="oc-2b"/>
      </symbol>
      <symbol id="sm-1136">
         <name>free</name>
         <value>0x504f</value>
         <object_component_ref idref="oc-37f"/>
      </symbol>
      <symbol id="sm-1137">
         <name>realloc</name>
         <value>0x5111</value>
         <object_component_ref idref="oc-37f"/>
      </symbol>
      <symbol id="sm-1138">
         <name>memalign</name>
         <value>0x5219</value>
         <object_component_ref idref="oc-37f"/>
      </symbol>
      <symbol id="sm-1139">
         <name>calloc</name>
         <value>0x5305</value>
         <object_component_ref idref="oc-37f"/>
      </symbol>
      <symbol id="sm-113a">
         <name>malloc</name>
         <value>0x4fe5</value>
         <object_component_ref idref="oc-37f"/>
      </symbol>
      <symbol id="sm-113b">
         <name>minit</name>
         <value>0x4f65</value>
         <object_component_ref idref="oc-37f"/>
      </symbol>
      <symbol id="sm-114a">
         <name>__aeabi_memset</name>
         <value>0x6e5d</value>
         <object_component_ref idref="oc-60"/>
      </symbol>
      <symbol id="sm-114b">
         <name>memset</name>
         <value>0x6e63</value>
         <object_component_ref idref="oc-60"/>
      </symbol>
      <symbol id="sm-114c">
         <name>__aeabi_memset8</name>
         <value>0x6e5d</value>
         <object_component_ref idref="oc-60"/>
      </symbol>
      <symbol id="sm-114d">
         <name>__aeabi_memset4</name>
         <value>0x6e5d</value>
         <object_component_ref idref="oc-60"/>
      </symbol>
      <symbol id="sm-114e">
         <name>__aeabi_memclr8</name>
         <value>0x6e5b</value>
         <object_component_ref idref="oc-60"/>
      </symbol>
      <symbol id="sm-114f">
         <name>__aeabi_memclr4</name>
         <value>0x6e5b</value>
         <object_component_ref idref="oc-60"/>
      </symbol>
      <symbol id="sm-1150">
         <name>__aeabi_memclr</name>
         <value>0x6e5b</value>
         <object_component_ref idref="oc-60"/>
      </symbol>
      <symbol id="sm-115a">
         <name>__mpu_init</name>
         <value>0x3b4b</value>
         <object_component_ref idref="oc-6c"/>
      </symbol>
      <symbol id="sm-1164">
         <name>_system_pre_init</name>
         <value>0x7f3b</value>
         <object_component_ref idref="oc-72"/>
      </symbol>
      <symbol id="sm-116c">
         <name>main_func_sp</name>
         <value>0x200018f8</value>
         <object_component_ref idref="oc-8a"/>
      </symbol>
      <symbol id="sm-1185">
         <name>_nop</name>
         <value>0x7d0f</value>
         <object_component_ref idref="oc-2b3"/>
      </symbol>
      <symbol id="sm-1186">
         <name>_lock</name>
         <value>0x200018d4</value>
         <object_component_ref idref="oc-1e5"/>
      </symbol>
      <symbol id="sm-1187">
         <name>_unlock</name>
         <value>0x200018d8</value>
         <object_component_ref idref="oc-1e5"/>
      </symbol>
      <symbol id="sm-1188">
         <name>_register_lock</name>
         <value>0x7d07</value>
         <object_component_ref idref="oc-2b3"/>
      </symbol>
      <symbol id="sm-1189">
         <name>_register_unlock</name>
         <value>0x7d01</value>
         <object_component_ref idref="oc-2b3"/>
      </symbol>
      <symbol id="sm-119d">
         <name>_args_main</name>
         <value>0x7bd1</value>
         <object_component_ref idref="oc-7e"/>
      </symbol>
      <symbol id="sm-11c7">
         <name>__TI_auto_init</name>
         <value>0x6fbd</value>
         <object_component_ref idref="oc-78"/>
      </symbol>
      <symbol id="sm-11e1">
         <name>copy_in</name>
         <value>0x740d</value>
         <object_component_ref idref="oc-1cc"/>
      </symbol>
      <symbol id="sm-11eb">
         <name>_system_post_cinit</name>
         <value>0x65df</value>
         <object_component_ref idref="oc-1d2"/>
      </symbol>
      <symbol id="sm-12a2">
         <name>USBDevDisconnect</name>
         <value>0x7eff</value>
         <object_component_ref idref="oc-26d"/>
      </symbol>
      <symbol id="sm-12a3">
         <name>USBDevEndpointStallClear</name>
         <value>0x74a3</value>
         <object_component_ref idref="oc-5a3"/>
      </symbol>
      <symbol id="sm-12a4">
         <name>USBEndpointDataPut</name>
         <value>0x7731</value>
         <object_component_ref idref="oc-3d5"/>
      </symbol>
      <symbol id="sm-12a5">
         <name>USBDevAddrSet</name>
         <value>0x7f37</value>
         <object_component_ref idref="oc-2f3"/>
      </symbol>
      <symbol id="sm-12a6">
         <name>USBLPMIntStatus</name>
         <value>0x7f2d</value>
         <object_component_ref idref="oc-255"/>
      </symbol>
      <symbol id="sm-12a7">
         <name>USBIntStatusControl</name>
         <value>0x76f9</value>
         <object_component_ref idref="oc-1a5"/>
      </symbol>
      <symbol id="sm-12a8">
         <name>USBDevEndpointDataAck</name>
         <value>0x7943</value>
         <object_component_ref idref="oc-2ff"/>
      </symbol>
      <symbol id="sm-12a9">
         <name>USBEndpointDataGet</name>
         <value>0x75c3</value>
         <object_component_ref idref="oc-2f9"/>
      </symbol>
      <symbol id="sm-12aa">
         <name>USBDevEndpointStatusClear</name>
         <value>0x71cd</value>
         <object_component_ref idref="oc-2ed"/>
      </symbol>
      <symbol id="sm-12ab">
         <name>USBDevLPMEnable</name>
         <value>0x7ed7</value>
         <object_component_ref idref="oc-25b"/>
      </symbol>
      <symbol id="sm-12ac">
         <name>USBFIFOConfigSet</name>
         <value>0x764d</value>
         <object_component_ref idref="oc-720"/>
      </symbol>
      <symbol id="sm-12ad">
         <name>USBEndpointDataSend</name>
         <value>0x77d1</value>
         <object_component_ref idref="oc-3db"/>
      </symbol>
      <symbol id="sm-12ae">
         <name>USBIntStatusEndpoint</name>
         <value>0x7f09</value>
         <object_component_ref idref="oc-261"/>
      </symbol>
      <symbol id="sm-12af">
         <name>USBEndpointStatus</name>
         <value>0x7e49</value>
         <object_component_ref idref="oc-2e7"/>
      </symbol>
      <symbol id="sm-12b0">
         <name>USBDevEndpointStall</name>
         <value>0x7837</value>
         <object_component_ref idref="oc-48d"/>
      </symbol>
      <symbol id="sm-12b1">
         <name>USBDevEndpointConfigSet</name>
         <value>0x6de1</value>
         <object_component_ref idref="oc-714"/>
      </symbol>
      <symbol id="sm-12b2">
         <name>USBHostResume</name>
         <value>0x7cd9</value>
         <object_component_ref idref="oc-2d8"/>
      </symbol>
      <symbol id="sm-12b3">
         <name>__TI_static_base__</name>
         <value>0x0</value>
      </symbol>
      <symbol id="sm-12b6">
         <name>SHT$$INIT_ARRAY$$Limit</name>
         <value>0x0</value>
      </symbol>
      <symbol id="sm-12b7">
         <name>SHT$$INIT_ARRAY$$Base</name>
         <value>0x0</value>
      </symbol>
   </symbol_table>
   <title>Link successful</title>
</link_info>
