<?xml version="1.0"?>
<link_info>
   <banner>TI ARM Linker PC v16.9.4.LTS</banner>
   <copyright>Copyright (c) 1996-2017 Texas Instruments Incorporated</copyright>
   <link_time>0x5a03d507</link_time>
   <link_errors>0x0</link_errors>
   <output_file>CC3200 LaunchPad.out</output_file>
   <entry_point>
      <name>_c_int00</name>
      <address>0x20006fc9</address>
   </entry_point>
   <input_file_list>
      <input_file id="fl-2">
         <path>.\src\HW_drivers\</path>
         <kind>object</kind>
         <file>Board_HW_Driver.obj</file>
         <name>Board_HW_Driver.obj</name>
      </input_file>
      <input_file id="fl-3">
         <path>.\src\HW_drivers\</path>
         <kind>object</kind>
         <file>EPD_Temperature_IIC.obj</file>
         <name>EPD_Temperature_IIC.obj</name>
      </input_file>
      <input_file id="fl-4">
         <path>.\src\HW_drivers\</path>
         <kind>object</kind>
         <file>timer_if.obj</file>
         <name>timer_if.obj</name>
      </input_file>
      <input_file id="fl-5">
         <path>.\src\Images\</path>
         <kind>object</kind>
         <file>Image_eTC_144_01.obj</file>
         <name>Image_eTC_144_01.obj</name>
      </input_file>
      <input_file id="fl-6">
         <path>.\src\Images\</path>
         <kind>object</kind>
         <file>Image_eTC_144_02.obj</file>
         <name>Image_eTC_144_02.obj</name>
      </input_file>
      <input_file id="fl-7">
         <path>.\src\Images\</path>
         <kind>object</kind>
         <file>Image_eTC_190_01.obj</file>
         <name>Image_eTC_190_01.obj</name>
      </input_file>
      <input_file id="fl-8">
         <path>.\src\Images\</path>
         <kind>object</kind>
         <file>Image_eTC_190_02.obj</file>
         <name>Image_eTC_190_02.obj</name>
      </input_file>
      <input_file id="fl-9">
         <path>.\src\Images\</path>
         <kind>object</kind>
         <file>Image_eTC_200_01.obj</file>
         <name>Image_eTC_200_01.obj</name>
      </input_file>
      <input_file id="fl-a">
         <path>.\src\Images\</path>
         <kind>object</kind>
         <file>Image_eTC_200_02.obj</file>
         <name>Image_eTC_200_02.obj</name>
      </input_file>
      <input_file id="fl-b">
         <path>.\src\Images\</path>
         <kind>object</kind>
         <file>Image_eTC_260_01.obj</file>
         <name>Image_eTC_260_01.obj</name>
      </input_file>
      <input_file id="fl-c">
         <path>.\src\Images\</path>
         <kind>object</kind>
         <file>Image_eTC_260_02.obj</file>
         <name>Image_eTC_260_02.obj</name>
      </input_file>
      <input_file id="fl-d">
         <path>.\src\Images\</path>
         <kind>object</kind>
         <file>Image_eTC_271_01.obj</file>
         <name>Image_eTC_271_01.obj</name>
      </input_file>
      <input_file id="fl-e">
         <path>.\src\Images\</path>
         <kind>object</kind>
         <file>Image_eTC_271_02.obj</file>
         <name>Image_eTC_271_02.obj</name>
      </input_file>
      <input_file id="fl-f">
         <path>.\src\Images\</path>
         <kind>object</kind>
         <file>Image_iTC_215_01.obj</file>
         <name>Image_iTC_215_01.obj</name>
      </input_file>
      <input_file id="fl-10">
         <path>.\src\Images\</path>
         <kind>object</kind>
         <file>Image_iTC_215_02.obj</file>
         <name>Image_iTC_215_02.obj</name>
      </input_file>
      <input_file id="fl-11">
         <path>.\src\Images\</path>
         <kind>object</kind>
         <file>Image_iTC_287_01.obj</file>
         <name>Image_iTC_287_01.obj</name>
      </input_file>
      <input_file id="fl-12">
         <path>.\src\Images\</path>
         <kind>object</kind>
         <file>Image_iTC_287_02.obj</file>
         <name>Image_iTC_287_02.obj</name>
      </input_file>
      <input_file id="fl-13">
         <path>.\src\Images\</path>
         <kind>object</kind>
         <file>Image_iTC_287_03.obj</file>
         <name>Image_iTC_287_03.obj</name>
      </input_file>
      <input_file id="fl-14">
         <path>.\src\Images\</path>
         <kind>object</kind>
         <file>Image_iTC_420_01.obj</file>
         <name>Image_iTC_420_01.obj</name>
      </input_file>
      <input_file id="fl-15">
         <path>.\src\Images\</path>
         <kind>object</kind>
         <file>Image_iTC_420_02.obj</file>
         <name>Image_iTC_420_02.obj</name>
      </input_file>
      <input_file id="fl-16">
         <path>.\src\Images\</path>
         <kind>object</kind>
         <file>Image_iTC_420_03.obj</file>
         <name>Image_iTC_420_03.obj</name>
      </input_file>
      <input_file id="fl-17">
         <path>.\src\PDI_displays_drivers\</path>
         <kind>object</kind>
         <file>EPD_interface.obj</file>
         <name>EPD_interface.obj</name>
      </input_file>
      <input_file id="fl-18">
         <path>.\src\PDI_displays_drivers\</path>
         <kind>object</kind>
         <file>iTC_215_Mb_LUT.obj</file>
         <name>iTC_215_Mb_LUT.obj</name>
      </input_file>
      <input_file id="fl-19">
         <path>.\src\PDI_displays_drivers\FPL_drivers\</path>
         <kind>object</kind>
         <file>eTC_G1_Size_Aurora_Mb.obj</file>
         <name>eTC_G1_Size_Aurora_Mb.obj</name>
      </input_file>
      <input_file id="fl-1a">
         <path>.\src\PDI_displays_drivers\FPL_drivers\</path>
         <kind>object</kind>
         <file>eTC_G2_Size_Aurora_Ma.obj</file>
         <name>eTC_G2_Size_Aurora_Ma.obj</name>
      </input_file>
      <input_file id="fl-1b">
         <path>.\src\PDI_displays_drivers\FPL_drivers\</path>
         <kind>object</kind>
         <file>eTC_G2_Size_Aurora_Mb.obj</file>
         <name>eTC_G2_Size_Aurora_Mb.obj</name>
      </input_file>
      <input_file id="fl-1c">
         <path>.\src\PDI_displays_drivers\FPL_drivers\</path>
         <kind>object</kind>
         <file>iTC_215_Aurora_Mb.obj</file>
         <name>iTC_215_Aurora_Mb.obj</name>
      </input_file>
      <input_file id="fl-1d">
         <path>.\src\PDI_displays_drivers\FPL_drivers\</path>
         <kind>object</kind>
         <file>iTC_287_Aurora_Mb.obj</file>
         <name>iTC_287_Aurora_Mb.obj</name>
      </input_file>
      <input_file id="fl-1e">
         <path>.\src\PDI_displays_drivers\FPL_drivers\</path>
         <kind>object</kind>
         <file>iTC_287_Spectra.obj</file>
         <name>iTC_287_Spectra.obj</name>
      </input_file>
      <input_file id="fl-1f">
         <path>.\src\PDI_displays_drivers\FPL_drivers\</path>
         <kind>object</kind>
         <file>iTC_420_Aurora_Mb.obj</file>
         <name>iTC_420_Aurora_Mb.obj</name>
      </input_file>
      <input_file id="fl-20">
         <path>.\src\PDI_displays_drivers\FPL_drivers\</path>
         <kind>object</kind>
         <file>iTC_420_Spectra.obj</file>
         <name>iTC_420_Spectra.obj</name>
      </input_file>
      <input_file id="fl-21">
         <path>.\src\PDI_displays_drivers\FPL_drivers\</path>
         <kind>object</kind>
         <file>iTC_Engine.obj</file>
         <name>iTC_Engine.obj</name>
      </input_file>
      <input_file id="fl-22">
         <path>.\src\</path>
         <kind>object</kind>
         <file>main_single_driver.obj</file>
         <name>main_single_driver.obj</name>
      </input_file>
      <input_file id="fl-23">
         <path>.\src\</path>
         <kind>object</kind>
         <file>startup_ccs.obj</file>
         <name>startup_ccs.obj</name>
      </input_file>
      <input_file id="fl-28">
         <kind>object</kind>
         <file>&lt;internal&gt;</file>
         <name>&lt;internal&gt;</name>
      </input_file>
      <input_file id="fl-de">
         <path>C:\ti\ccsv7\tools\compiler\ti-cgt-arm_16.9.4.LTS\lib\</path>
         <kind>archive</kind>
         <file>rtsv7M4_T_le_eabi.lib</file>
         <name>boot.obj</name>
      </input_file>
      <input_file id="fl-df">
         <path>C:\ti\ccsv7\tools\compiler\ti-cgt-arm_16.9.4.LTS\lib\</path>
         <kind>archive</kind>
         <file>rtsv7M4_T_le_eabi.lib</file>
         <name>copy_decompress_lzss.obj</name>
      </input_file>
      <input_file id="fl-e0">
         <path>C:\ti\ccsv7\tools\compiler\ti-cgt-arm_16.9.4.LTS\lib\</path>
         <kind>archive</kind>
         <file>rtsv7M4_T_le_eabi.lib</file>
         <name>copy_decompress_none.obj</name>
      </input_file>
      <input_file id="fl-e1">
         <path>C:\ti\ccsv7\tools\compiler\ti-cgt-arm_16.9.4.LTS\lib\</path>
         <kind>archive</kind>
         <file>rtsv7M4_T_le_eabi.lib</file>
         <name>copy_zero_init.obj</name>
      </input_file>
      <input_file id="fl-e2">
         <path>C:\ti\ccsv7\tools\compiler\ti-cgt-arm_16.9.4.LTS\lib\</path>
         <kind>archive</kind>
         <file>rtsv7M4_T_le_eabi.lib</file>
         <name>exit.obj</name>
      </input_file>
      <input_file id="fl-e3">
         <path>C:\ti\ccsv7\tools\compiler\ti-cgt-arm_16.9.4.LTS\lib\</path>
         <kind>archive</kind>
         <file>rtsv7M4_T_le_eabi.lib</file>
         <name>memcpy_t2.obj</name>
      </input_file>
      <input_file id="fl-e4">
         <path>C:\ti\ccsv7\tools\compiler\ti-cgt-arm_16.9.4.LTS\lib\</path>
         <kind>archive</kind>
         <file>rtsv7M4_T_le_eabi.lib</file>
         <name>memory.obj</name>
      </input_file>
      <input_file id="fl-e5">
         <path>C:\ti\ccsv7\tools\compiler\ti-cgt-arm_16.9.4.LTS\lib\</path>
         <kind>archive</kind>
         <file>rtsv7M4_T_le_eabi.lib</file>
         <name>memset_t2.obj</name>
      </input_file>
      <input_file id="fl-e6">
         <path>C:\ti\ccsv7\tools\compiler\ti-cgt-arm_16.9.4.LTS\lib\</path>
         <kind>archive</kind>
         <file>rtsv7M4_T_le_eabi.lib</file>
         <name>mpu_init.obj</name>
      </input_file>
      <input_file id="fl-e7">
         <path>C:\ti\ccsv7\tools\compiler\ti-cgt-arm_16.9.4.LTS\lib\</path>
         <kind>archive</kind>
         <file>rtsv7M4_T_le_eabi.lib</file>
         <name>pre_init.obj</name>
      </input_file>
      <input_file id="fl-e8">
         <path>C:\ti\ccsv7\tools\compiler\ti-cgt-arm_16.9.4.LTS\lib\</path>
         <kind>archive</kind>
         <file>rtsv7M4_T_le_eabi.lib</file>
         <name>stkdepth_vars.obj</name>
      </input_file>
      <input_file id="fl-e9">
         <path>C:\ti\ccsv7\tools\compiler\ti-cgt-arm_16.9.4.LTS\lib\</path>
         <kind>archive</kind>
         <file>rtsv7M4_T_le_eabi.lib</file>
         <name>_lock.obj</name>
      </input_file>
      <input_file id="fl-ea">
         <path>C:\ti\ccsv7\tools\compiler\ti-cgt-arm_16.9.4.LTS\lib\</path>
         <kind>archive</kind>
         <file>rtsv7M4_T_le_eabi.lib</file>
         <name>args_main.obj</name>
      </input_file>
      <input_file id="fl-eb">
         <path>C:\ti\ccsv7\tools\compiler\ti-cgt-arm_16.9.4.LTS\lib\</path>
         <kind>archive</kind>
         <file>rtsv7M4_T_le_eabi.lib</file>
         <name>autoinit.obj</name>
      </input_file>
      <input_file id="fl-ec">
         <path>C:\ti\ccsv7\tools\compiler\ti-cgt-arm_16.9.4.LTS\lib\</path>
         <kind>archive</kind>
         <file>rtsv7M4_T_le_eabi.lib</file>
         <name>cpy_tbl.obj</name>
      </input_file>
      <input_file id="fl-ed">
         <path>C:\ti\ccsv7\tools\compiler\ti-cgt-arm_16.9.4.LTS\lib\</path>
         <kind>archive</kind>
         <file>rtsv7M4_T_le_eabi.lib</file>
         <name>startup.obj</name>
      </input_file>
      <input_file id="fl-ee">
         <path>..\src\</path>
         <kind>archive</kind>
         <file>driverlib.a</file>
         <name>gpio.obj</name>
      </input_file>
      <input_file id="fl-ef">
         <path>..\src\</path>
         <kind>archive</kind>
         <file>driverlib.a</file>
         <name>interrupt.obj</name>
      </input_file>
      <input_file id="fl-f0">
         <path>..\src\</path>
         <kind>archive</kind>
         <file>driverlib.a</file>
         <name>pin.obj</name>
      </input_file>
      <input_file id="fl-f1">
         <path>..\src\</path>
         <kind>archive</kind>
         <file>driverlib.a</file>
         <name>prcm.obj</name>
      </input_file>
      <input_file id="fl-f2">
         <path>..\src\</path>
         <kind>archive</kind>
         <file>driverlib.a</file>
         <name>spi.obj</name>
      </input_file>
      <input_file id="fl-f3">
         <path>..\src\</path>
         <kind>archive</kind>
         <file>driverlib.a</file>
         <name>timer.obj</name>
      </input_file>
      <input_file id="fl-f4">
         <path>..\src\</path>
         <kind>archive</kind>
         <file>driverlib.a</file>
         <name>utils.obj</name>
      </input_file>
      <input_file id="fl-f5">
         <path>..\src\</path>
         <kind>archive</kind>
         <file>driverlib.a</file>
         <name>cpu.obj</name>
      </input_file>
      <input_file id="fl-f6">
         <path>..\src\</path>
         <kind>archive</kind>
         <file>driverlib.a</file>
         <name>flash.obj</name>
      </input_file>
      <input_file id="fl-f7">
         <path>C:\ti\ccsv7\tools\compiler\ti-cgt-arm_16.9.4.LTS\lib\</path>
         <kind>archive</kind>
         <file>rtsv7M4_T_le_eabi.lib</file>
         <name>ll_lsr_t2.obj</name>
      </input_file>
      <input_file id="fl-f8">
         <path>C:\ti\ccsv7\tools\compiler\ti-cgt-arm_16.9.4.LTS\lib\</path>
         <kind>archive</kind>
         <file>rtsv7M4_T_le_eabi.lib</file>
         <name>ull_div_t2.obj</name>
      </input_file>
   </input_file_list>
   <object_component_list>
      <object_component id="oc-f">
         <name>.intvecs</name>
         <load_address>0x20004000</load_address>
         <run_address>0x20004000</run_address>
         <size>0x400</size>
         <input_file_ref idref="fl-23"/>
      </object_component>
      <object_component id="oc-38f">
         <name>.text</name>
         <load_address>0x20004400</load_address>
         <run_address>0x20004400</run_address>
         <size>0xde0</size>
         <input_file_ref idref="fl-21"/>
      </object_component>
      <object_component id="oc-e3">
         <name>.text</name>
         <load_address>0x200051e0</load_address>
         <run_address>0x200051e0</run_address>
         <size>0x534</size>
         <input_file_ref idref="fl-17"/>
      </object_component>
      <object_component id="oc-dd">
         <name>.text</name>
         <load_address>0x20005714</load_address>
         <run_address>0x20005714</run_address>
         <size>0x464</size>
         <input_file_ref idref="fl-2"/>
      </object_component>
      <object_component id="oc-3c0">
         <name>.text</name>
         <load_address>0x20005b78</load_address>
         <run_address>0x20005b78</run_address>
         <size>0x3d0</size>
         <input_file_ref idref="fl-e4"/>
      </object_component>
      <object_component id="oc-234">
         <name>.text</name>
         <load_address>0x20005f48</load_address>
         <run_address>0x20005f48</run_address>
         <size>0x324</size>
         <input_file_ref idref="fl-3"/>
      </object_component>
      <object_component id="oc-1bb">
         <name>.text:PRCMCC3200MCUInit</name>
         <load_address>0x2000626c</load_address>
         <run_address>0x2000626c</run_address>
         <size>0x134</size>
         <input_file_ref idref="fl-f1"/>
      </object_component>
      <object_component id="oc-111">
         <name>.text</name>
         <load_address>0x200063a0</load_address>
         <run_address>0x200063a0</run_address>
         <size>0xfa</size>
         <input_file_ref idref="fl-4"/>
      </object_component>
      <object_component id="oc-2d1">
         <name>.text:SPITransfer32</name>
         <load_address>0x2000649a</load_address>
         <run_address>0x2000649a</run_address>
         <size>0xd0</size>
         <input_file_ref idref="fl-f2"/>
      </object_component>
      <object_component id="oc-2cb">
         <name>.text:SPITransfer16</name>
         <load_address>0x2000656a</load_address>
         <run_address>0x2000656a</run_address>
         <size>0xce</size>
         <input_file_ref idref="fl-f2"/>
      </object_component>
      <object_component id="oc-2c5">
         <name>.text:SPITransfer8</name>
         <load_address>0x20006638</load_address>
         <run_address>0x20006638</run_address>
         <size>0xb8</size>
         <input_file_ref idref="fl-f2"/>
      </object_component>
      <object_component id="oc-33a">
         <name>.text</name>
         <load_address>0x200066f0</load_address>
         <run_address>0x200066f0</run_address>
         <size>0xac</size>
         <input_file_ref idref="fl-1c"/>
      </object_component>
      <object_component id="oc-35b">
         <name>.text:IntDisable</name>
         <load_address>0x2000679c</load_address>
         <run_address>0x2000679c</run_address>
         <size>0xa8</size>
         <input_file_ref idref="fl-ef"/>
      </object_component>
      <object_component id="oc-1b5">
         <name>.text:IntEnable</name>
         <load_address>0x20006844</load_address>
         <run_address>0x20006844</run_address>
         <size>0xa8</size>
         <input_file_ref idref="fl-ef"/>
      </object_component>
      <object_component id="oc-14c">
         <name>.text:SPIConfigSetExpClk</name>
         <load_address>0x200068ec</load_address>
         <run_address>0x200068ec</run_address>
         <size>0xa0</size>
         <input_file_ref idref="fl-f2"/>
      </object_component>
      <object_component id="oc-41">
         <name>.text</name>
         <load_address>0x2000698c</load_address>
         <run_address>0x2000698c</run_address>
         <size>0x9c</size>
         <input_file_ref idref="fl-e3"/>
      </object_component>
      <object_component id="oc-146">
         <name>.text:PRCMPeripheralClockGet</name>
         <load_address>0x20006a28</load_address>
         <run_address>0x20006a28</run_address>
         <size>0x94</size>
         <input_file_ref idref="fl-f1"/>
      </object_component>
      <object_component id="oc-2b0">
         <name>.text:PinConfigSet</name>
         <load_address>0x20006abc</load_address>
         <run_address>0x20006abc</run_address>
         <size>0x88</size>
         <input_file_ref idref="fl-f0"/>
      </object_component>
      <object_component id="oc-18b">
         <name>.text:SPITransfer</name>
         <load_address>0x20006b44</load_address>
         <run_address>0x20006b44</run_address>
         <size>0x88</size>
         <input_file_ref idref="fl-f2"/>
      </object_component>
      <object_component id="oc-4d">
         <name>.text</name>
         <load_address>0x20006bcc</load_address>
         <run_address>0x20006bcc</run_address>
         <size>0x7a</size>
         <input_file_ref idref="fl-e5"/>
      </object_component>
      <object_component id="oc-3b0">
         <name>.text:IntDefaultHandler</name>
         <load_address>0x20006c46</load_address>
         <run_address>0x20006c46</run_address>
         <size>0x2</size>
         <input_file_ref idref="fl-ef"/>
      </object_component>
      <object_component id="oc-262">
         <name>.text:TimerIntRegister</name>
         <load_address>0x20006c48</load_address>
         <run_address>0x20006c48</run_address>
         <size>0x70</size>
         <input_file_ref idref="fl-f3"/>
      </object_component>
      <object_component id="oc-65">
         <name>.text</name>
         <load_address>0x20006cb8</load_address>
         <run_address>0x20006cb8</run_address>
         <size>0x70</size>
         <input_file_ref idref="fl-eb"/>
      </object_component>
      <object_component id="oc-292">
         <name>.text:TimerIntUnregister</name>
         <load_address>0x20006d28</load_address>
         <run_address>0x20006d28</run_address>
         <size>0x68</size>
         <input_file_ref idref="fl-f3"/>
      </object_component>
      <object_component id="oc-12">
         <name>.text:decompress:lzss</name>
         <load_address>0x20006d90</load_address>
         <run_address>0x20006d90</run_address>
         <size>0x68</size>
         <input_file_ref idref="fl-df"/>
      </object_component>
      <object_component id="oc-250">
         <name>.text:PRCMPeripheralReset</name>
         <load_address>0x20006df8</load_address>
         <run_address>0x20006df8</run_address>
         <size>0x58</size>
         <input_file_ref idref="fl-f1"/>
      </object_component>
      <object_component id="oc-a8">
         <name>.text</name>
         <load_address>0x20006e50</load_address>
         <run_address>0x20006e50</run_address>
         <size>0x54</size>
         <input_file_ref idref="fl-22"/>
      </object_component>
      <object_component id="oc-71">
         <name>.text</name>
         <load_address>0x20006ea4</load_address>
         <run_address>0x20006ea4</run_address>
         <size>0x54</size>
         <input_file_ref idref="fl-e2"/>
      </object_component>
      <object_component id="oc-9a">
         <name>.text</name>
         <load_address>0x20006ef8</load_address>
         <run_address>0x20006ef8</run_address>
         <size>0x4c</size>
         <input_file_ref idref="fl-ec"/>
      </object_component>
      <object_component id="oc-256">
         <name>.text:TimerConfigure</name>
         <load_address>0x20006f44</load_address>
         <run_address>0x20006f44</run_address>
         <size>0x44</size>
         <input_file_ref idref="fl-f3"/>
      </object_component>
      <object_component id="oc-2aa">
         <name>.text:PinModeSet</name>
         <load_address>0x20006f88</load_address>
         <run_address>0x20006f88</run_address>
         <size>0x40</size>
         <input_file_ref idref="fl-f0"/>
      </object_component>
      <object_component id="oc-24">
         <name>.text</name>
         <load_address>0x20006fc8</load_address>
         <run_address>0x20006fc8</run_address>
         <size>0x40</size>
         <input_file_ref idref="fl-de"/>
      </object_component>
      <object_component id="oc-126">
         <name>.text:PRCMPeripheralClkEnable</name>
         <load_address>0x20007008</load_address>
         <run_address>0x20007008</run_address>
         <size>0x3c</size>
         <input_file_ref idref="fl-f1"/>
      </object_component>
      <object_component id="oc-170">
         <name>.text:GPIODirModeSet</name>
         <load_address>0x20007044</load_address>
         <run_address>0x20007044</run_address>
         <size>0x36</size>
         <input_file_ref idref="fl-ee"/>
      </object_component>
      <object_component id="oc-59">
         <name>.text</name>
         <load_address>0x2000707a</load_address>
         <run_address>0x2000707a</run_address>
         <size>0x2</size>
         <input_file_ref idref="fl-e6"/>
      </object_component>
      <object_component id="oc-32a">
         <name>.text:getSDA</name>
         <load_address>0x2000707c</load_address>
         <run_address>0x2000707c</run_address>
         <size>0x34</size>
         <input_file_ref idref="fl-3"/>
      </object_component>
      <object_component id="oc-16a">
         <name>.text:PinTypeGPIO</name>
         <load_address>0x200070b0</load_address>
         <run_address>0x200070b0</run_address>
         <size>0x30</size>
         <input_file_ref idref="fl-f0"/>
      </object_component>
      <object_component id="oc-31c">
         <name>.text:TS_SCL_High</name>
         <load_address>0x200070e0</load_address>
         <run_address>0x200070e0</run_address>
         <size>0x30</size>
         <input_file_ref idref="fl-3"/>
      </object_component>
      <object_component id="oc-30e">
         <name>.text:TS_SDA_High</name>
         <load_address>0x20007110</load_address>
         <run_address>0x20007110</run_address>
         <size>0x30</size>
         <input_file_ref idref="fl-3"/>
      </object_component>
      <object_component id="oc-2f9">
         <name>.text:PRCMSysResetCauseGet</name>
         <load_address>0x20007140</load_address>
         <run_address>0x20007140</run_address>
         <size>0x2c</size>
         <input_file_ref idref="fl-f1"/>
      </object_component>
      <object_component id="oc-27a">
         <name>.text:TimerLoadSet</name>
         <load_address>0x2000716c</load_address>
         <run_address>0x2000716c</run_address>
         <size>0x2a</size>
         <input_file_ref idref="fl-f3"/>
      </object_component>
      <object_component id="oc-25c">
         <name>.text:TimerPrescaleSet</name>
         <load_address>0x20007196</load_address>
         <run_address>0x20007196</run_address>
         <size>0x2a</size>
         <input_file_ref idref="fl-f3"/>
      </object_component>
      <object_component id="oc-2f3">
         <name>.text:PRCMPeripheralClkDisable</name>
         <load_address>0x200071c0</load_address>
         <run_address>0x200071c0</run_address>
         <size>0x28</size>
         <input_file_ref idref="fl-f1"/>
      </object_component>
      <object_component id="oc-361">
         <name>.text:IntUnregister</name>
         <load_address>0x200071e8</load_address>
         <run_address>0x200071e8</run_address>
         <size>0x24</size>
         <input_file_ref idref="fl-ef"/>
      </object_component>
      <object_component id="oc-323">
         <name>.text:TS_SCL_Low</name>
         <load_address>0x2000720c</load_address>
         <run_address>0x2000720c</run_address>
         <size>0x24</size>
         <input_file_ref idref="fl-3"/>
      </object_component>
      <object_component id="oc-315">
         <name>.text:TS_SDA_Low</name>
         <load_address>0x20007230</load_address>
         <run_address>0x20007230</run_address>
         <size>0x24</size>
         <input_file_ref idref="fl-3"/>
      </object_component>
      <object_component id="oc-140">
         <name>.text:SPIReset</name>
         <load_address>0x20007254</load_address>
         <run_address>0x20007254</run_address>
         <size>0x22</size>
         <input_file_ref idref="fl-f2"/>
      </object_component>
      <object_component id="oc-2a0">
         <name>.text:GPIOPinWrite</name>
         <load_address>0x20007276</load_address>
         <run_address>0x20007276</run_address>
         <size>0x20</size>
         <input_file_ref idref="fl-ee"/>
      </object_component>
      <object_component id="oc-a0">
         <name>.text</name>
         <load_address>0x20007296</load_address>
         <run_address>0x20007296</run_address>
         <size>0x2</size>
         <input_file_ref idref="fl-ed"/>
      </object_component>
      <object_component id="oc-34c">
         <name>.text:IntRegister</name>
         <load_address>0x20007298</load_address>
         <run_address>0x20007298</run_address>
         <size>0x20</size>
         <input_file_ref idref="fl-ef"/>
      </object_component>
      <object_component id="oc-286">
         <name>.text:TimerDisable</name>
         <load_address>0x200072b8</load_address>
         <run_address>0x200072b8</run_address>
         <size>0x1e</size>
         <input_file_ref idref="fl-f3"/>
      </object_component>
      <object_component id="oc-280">
         <name>.text:TimerEnable</name>
         <load_address>0x200072d6</load_address>
         <run_address>0x200072d6</run_address>
         <size>0x1e</size>
         <input_file_ref idref="fl-f3"/>
      </object_component>
      <object_component id="oc-26e">
         <name>.text:TimerIntStatus</name>
         <load_address>0x200072f4</load_address>
         <run_address>0x200072f4</run_address>
         <size>0x1e</size>
         <input_file_ref idref="fl-f3"/>
      </object_component>
      <object_component id="oc-203">
         <name>.text:Config_BS1_Pin</name>
         <load_address>0x20007314</load_address>
         <run_address>0x20007314</run_address>
         <size>0x1c</size>
         <input_file_ref idref="fl-2"/>
      </object_component>
      <object_component id="oc-3eb">
         <name>.text:Config_EPD_DC_Pin</name>
         <load_address>0x20007330</load_address>
         <run_address>0x20007330</run_address>
         <size>0x1c</size>
         <input_file_ref idref="fl-2"/>
      </object_component>
      <object_component id="oc-1e7">
         <name>.text:Config_EPD_border_Pin</name>
         <load_address>0x2000734c</load_address>
         <run_address>0x2000734c</run_address>
         <size>0x1c</size>
         <input_file_ref idref="fl-2"/>
      </object_component>
      <object_component id="oc-1cb">
         <name>.text:Config_EPD_cs_Pin</name>
         <load_address>0x20007368</load_address>
         <run_address>0x20007368</run_address>
         <size>0x1c</size>
         <input_file_ref idref="fl-2"/>
      </object_component>
      <object_component id="oc-1ee">
         <name>.text:Config_EPD_flash_cs_Pin</name>
         <load_address>0x20007384</load_address>
         <run_address>0x20007384</run_address>
         <size>0x1c</size>
         <input_file_ref idref="fl-2"/>
      </object_component>
      <object_component id="oc-1d9">
         <name>.text:Config_EPD_panelon_Pin</name>
         <load_address>0x200073a0</load_address>
         <run_address>0x200073a0</run_address>
         <size>0x1c</size>
         <input_file_ref idref="fl-2"/>
      </object_component>
      <object_component id="oc-1f5">
         <name>.text:Config_EPD_pwm_Pin</name>
         <load_address>0x200073bc</load_address>
         <run_address>0x200073bc</run_address>
         <size>0x1c</size>
         <input_file_ref idref="fl-2"/>
      </object_component>
      <object_component id="oc-1d2">
         <name>.text:Config_EPD_rst_Pin</name>
         <load_address>0x200073d8</load_address>
         <run_address>0x200073d8</run_address>
         <size>0x1c</size>
         <input_file_ref idref="fl-2"/>
      </object_component>
      <object_component id="oc-1fc">
         <name>.text:Config_LED1_Pin</name>
         <load_address>0x200073f4</load_address>
         <run_address>0x200073f4</run_address>
         <size>0x1c</size>
         <input_file_ref idref="fl-2"/>
      </object_component>
      <object_component id="oc-298">
         <name>.text:TimerValueGet</name>
         <load_address>0x20007410</load_address>
         <run_address>0x20007410</run_address>
         <size>0x1c</size>
         <input_file_ref idref="fl-f3"/>
      </object_component>
      <object_component id="oc-1c4">
         <name>.text:Config_Busy_Pin</name>
         <load_address>0x2000742c</load_address>
         <run_address>0x2000742c</run_address>
         <size>0x1a</size>
         <input_file_ref idref="fl-2"/>
      </object_component>
      <object_component id="oc-1e0">
         <name>.text:Config_EPD_discharge_Pin</name>
         <load_address>0x20007446</load_address>
         <run_address>0x20007446</run_address>
         <size>0x1a</size>
         <input_file_ref idref="fl-2"/>
      </object_component>
      <object_component id="oc-13a">
         <name>.text:PinTypeSPI</name>
         <load_address>0x20007460</load_address>
         <run_address>0x20007460</run_address>
         <size>0x1a</size>
         <input_file_ref idref="fl-f0"/>
      </object_component>
      <object_component id="oc-3f2">
         <name>.text:Config_EPD_DB1_Pin</name>
         <load_address>0x2000747a</load_address>
         <run_address>0x2000747a</run_address>
         <size>0x18</size>
         <input_file_ref idref="fl-2"/>
      </object_component>
      <object_component id="oc-3f9">
         <name>.text:Config_EPD_DB2_Pin</name>
         <load_address>0x20007492</load_address>
         <run_address>0x20007492</run_address>
         <size>0x18</size>
         <input_file_ref idref="fl-2"/>
      </object_component>
      <object_component id="oc-3c6">
         <name>.text:EPD_IsBusy</name>
         <load_address>0x200074aa</load_address>
         <run_address>0x200074aa</run_address>
         <size>0x18</size>
         <input_file_ref idref="fl-2"/>
      </object_component>
      <object_component id="oc-380">
         <name>.text:GPIOPinRead</name>
         <load_address>0x200074c2</load_address>
         <run_address>0x200074c2</run_address>
         <size>0x18</size>
         <input_file_ref idref="fl-ee"/>
      </object_component>
      <object_component id="oc-15e">
         <name>.text:SPICSDisable</name>
         <load_address>0x200074da</load_address>
         <run_address>0x200074da</run_address>
         <size>0x18</size>
         <input_file_ref idref="fl-f2"/>
      </object_component>
      <object_component id="oc-158">
         <name>.text:SPICSEnable</name>
         <load_address>0x200074f2</load_address>
         <run_address>0x200074f2</run_address>
         <size>0x18</size>
         <input_file_ref idref="fl-f2"/>
      </object_component>
      <object_component id="oc-164">
         <name>.text:SPIDisable</name>
         <load_address>0x2000750a</load_address>
         <run_address>0x2000750a</run_address>
         <size>0x18</size>
         <input_file_ref idref="fl-f2"/>
      </object_component>
      <object_component id="oc-152">
         <name>.text:SPIEnable</name>
         <load_address>0x20007522</load_address>
         <run_address>0x20007522</run_address>
         <size>0x18</size>
         <input_file_ref idref="fl-f2"/>
      </object_component>
      <object_component id="oc-28c">
         <name>.text:TimerIntDisable</name>
         <load_address>0x2000753a</load_address>
         <run_address>0x2000753a</run_address>
         <size>0x18</size>
         <input_file_ref idref="fl-f3"/>
      </object_component>
      <object_component id="oc-268">
         <name>.text:TimerIntEnable</name>
         <load_address>0x20007552</load_address>
         <run_address>0x20007552</run_address>
         <size>0x18</size>
         <input_file_ref idref="fl-f3"/>
      </object_component>
      <object_component id="oc-6b">
         <name>.text</name>
         <load_address>0x2000756c</load_address>
         <run_address>0x2000756c</run_address>
         <size>0x18</size>
         <input_file_ref idref="fl-ea"/>
      </object_component>
      <object_component id="oc-2e7">
         <name>.text:PRCMHIBRegRead</name>
         <load_address>0x20007584</load_address>
         <run_address>0x20007584</run_address>
         <size>0x16</size>
         <input_file_ref idref="fl-f1"/>
      </object_component>
      <object_component id="oc-2ed">
         <name>.text:PRCMHIBRegWrite</name>
         <load_address>0x2000759a</load_address>
         <run_address>0x2000759a</run_address>
         <size>0x16</size>
         <input_file_ref idref="fl-f1"/>
      </object_component>
      <object_component id="oc-20a">
         <name>.text:BS1_low</name>
         <load_address>0x200075b0</load_address>
         <run_address>0x200075b0</run_address>
         <size>0x14</size>
         <input_file_ref idref="fl-2"/>
      </object_component>
      <object_component id="oc-2dc">
         <name>.text:CPUcpsie</name>
         <load_address>0x200075c4</load_address>
         <run_address>0x200075c4</run_address>
         <size>0x14</size>
         <input_file_ref idref="fl-f5"/>
      </object_component>
      <object_component id="oc-19f">
         <name>.text:EPD_DC_high</name>
         <load_address>0x200075d8</load_address>
         <run_address>0x200075d8</run_address>
         <size>0x14</size>
         <input_file_ref idref="fl-2"/>
      </object_component>
      <object_component id="oc-198">
         <name>.text:EPD_DC_low</name>
         <load_address>0x200075ec</load_address>
         <run_address>0x200075ec</run_address>
         <size>0x14</size>
         <input_file_ref idref="fl-2"/>
      </object_component>
      <object_component id="oc-218">
         <name>.text:EPD_Vcc_turn_off</name>
         <load_address>0x20007600</load_address>
         <run_address>0x20007600</run_address>
         <size>0x14</size>
         <input_file_ref idref="fl-2"/>
      </object_component>
      <object_component id="oc-3cd">
         <name>.text:EPD_Vcc_turn_on</name>
         <load_address>0x20007614</load_address>
         <run_address>0x20007614</run_address>
         <size>0x14</size>
         <input_file_ref idref="fl-2"/>
      </object_component>
      <object_component id="oc-211">
         <name>.text:EPD_border_low</name>
         <load_address>0x20007628</load_address>
         <run_address>0x20007628</run_address>
         <size>0x14</size>
         <input_file_ref idref="fl-2"/>
      </object_component>
      <object_component id="oc-133">
         <name>.text:EPD_cs_high</name>
         <load_address>0x2000763c</load_address>
         <run_address>0x2000763c</run_address>
         <size>0x14</size>
         <input_file_ref idref="fl-2"/>
      </object_component>
      <object_component id="oc-191">
         <name>.text:EPD_cs_low</name>
         <load_address>0x20007650</load_address>
         <run_address>0x20007650</run_address>
         <size>0x14</size>
         <input_file_ref idref="fl-2"/>
      </object_component>
      <object_component id="oc-12c">
         <name>.text:EPD_flash_cs_high</name>
         <load_address>0x20007664</load_address>
         <run_address>0x20007664</run_address>
         <size>0x14</size>
         <input_file_ref idref="fl-2"/>
      </object_component>
      <object_component id="oc-117">
         <name>.text:EPD_pwm_high</name>
         <load_address>0x20007678</load_address>
         <run_address>0x20007678</run_address>
         <size>0x14</size>
         <input_file_ref idref="fl-2"/>
      </object_component>
      <object_component id="oc-11f">
         <name>.text:EPD_pwm_low</name>
         <load_address>0x2000768c</load_address>
         <run_address>0x2000768c</run_address>
         <size>0x14</size>
         <input_file_ref idref="fl-2"/>
      </object_component>
      <object_component id="oc-3d4">
         <name>.text:EPD_rst_high</name>
         <load_address>0x200076a0</load_address>
         <run_address>0x200076a0</run_address>
         <size>0x14</size>
         <input_file_ref idref="fl-2"/>
      </object_component>
      <object_component id="oc-21f">
         <name>.text:EPD_rst_low</name>
         <load_address>0x200076b4</load_address>
         <run_address>0x200076b4</run_address>
         <size>0x14</size>
         <input_file_ref idref="fl-2"/>
      </object_component>
      <object_component id="oc-1a9">
         <name>.text:IntVTableBaseSet</name>
         <load_address>0x200076c8</load_address>
         <run_address>0x200076c8</run_address>
         <size>0x14</size>
         <input_file_ref idref="fl-ef"/>
      </object_component>
      <object_component id="oc-184">
         <name>.text:SPICLK_low</name>
         <load_address>0x200076dc</load_address>
         <run_address>0x200076dc</run_address>
         <size>0x14</size>
         <input_file_ref idref="fl-2"/>
      </object_component>
      <object_component id="oc-176">
         <name>.text:SPIMISO_low</name>
         <load_address>0x200076f0</load_address>
         <run_address>0x200076f0</run_address>
         <size>0x14</size>
         <input_file_ref idref="fl-2"/>
      </object_component>
      <object_component id="oc-17d">
         <name>.text:SPIMOSI_low</name>
         <load_address>0x20007704</load_address>
         <run_address>0x20007704</run_address>
         <size>0x14</size>
         <input_file_ref idref="fl-2"/>
      </object_component>
      <object_component id="oc-f9">
         <name>.text</name>
         <load_address>0x20007718</load_address>
         <run_address>0x20007718</run_address>
         <size>0x14</size>
         <input_file_ref idref="fl-e9"/>
      </object_component>
      <object_component id="oc-274">
         <name>.text:TimerIntClear</name>
         <load_address>0x2000772c</load_address>
         <run_address>0x2000772c</run_address>
         <size>0x12</size>
         <input_file_ref idref="fl-f3"/>
      </object_component>
      <object_component id="oc-3de">
         <name>.text:EPD_discharge_high</name>
         <load_address>0x2000773e</load_address>
         <run_address>0x2000773e</run_address>
         <size>0x10</size>
         <input_file_ref idref="fl-2"/>
      </object_component>
      <object_component id="oc-226">
         <name>.text:EPD_discharge_low</name>
         <load_address>0x2000774e</load_address>
         <run_address>0x2000774e</run_address>
         <size>0x10</size>
         <input_file_ref idref="fl-2"/>
      </object_component>
      <object_component id="oc-18">
         <name>.text:decompress:none</name>
         <load_address>0x2000775e</load_address>
         <run_address>0x2000775e</run_address>
         <size>0xe</size>
         <input_file_ref idref="fl-e0"/>
      </object_component>
      <object_component id="oc-2d">
         <name>.text</name>
         <load_address>0x2000776c</load_address>
         <run_address>0x2000776c</run_address>
         <size>0xe</size>
         <input_file_ref idref="fl-23"/>
      </object_component>
      <object_component id="oc-1e">
         <name>.text:decompress:ZI</name>
         <load_address>0x2000777a</load_address>
         <run_address>0x2000777a</run_address>
         <size>0xc</size>
         <input_file_ref idref="fl-e1"/>
      </object_component>
      <object_component id="oc-1af">
         <name>.text:IntMasterEnable</name>
         <load_address>0x20007786</load_address>
         <run_address>0x20007786</run_address>
         <size>0xa</size>
         <input_file_ref idref="fl-ef"/>
      </object_component>
      <object_component id="oc-11e">
         <name>.text:UtilsDelay</name>
         <load_address>0x20007790</load_address>
         <run_address>0x20007790</run_address>
         <size>0x6</size>
         <input_file_ref idref="fl-f4"/>
      </object_component>
      <object_component id="oc-5f">
         <name>.text</name>
         <load_address>0x20007796</load_address>
         <run_address>0x20007796</run_address>
         <size>0x4</size>
         <input_file_ref idref="fl-e7"/>
      </object_component>
      <object_component id="oc-ec">
         <name>.const:.string:Image_iTC_215_01</name>
         <load_address>0x2000779c</load_address>
         <run_address>0x2000779c</run_address>
         <size>0xb60</size>
         <input_file_ref idref="fl-f"/>
      </object_component>
      <object_component id="oc-e9">
         <name>.const:.string:Image_iTC_215_02</name>
         <load_address>0x200082fc</load_address>
         <run_address>0x200082fc</run_address>
         <size>0xb60</size>
         <input_file_ref idref="fl-10"/>
      </object_component>
      <object_component id="oc-42a">
         <name>.const:.string:$P$T2</name>
         <load_address>0x20008e5c</load_address>
         <run_address>0x20008e5c</run_address>
         <size>0x181</size>
         <input_file_ref idref="fl-18"/>
      </object_component>
      <object_component id="oc-42d">
         <name>.const:.string:$P$T3</name>
         <load_address>0x20008fdd</load_address>
         <run_address>0x20008fdd</run_address>
         <size>0x1</size>
         <input_file_ref idref="fl-18"/>
      </object_component>
      <object_component id="oc-36e">
         <name>.const:g_ulPinToPadMap</name>
         <load_address>0x20008fe0</load_address>
         <run_address>0x20008fe0</run_address>
         <size>0x100</size>
         <input_file_ref idref="fl-f0"/>
      </object_component>
      <object_component id="oc-2a6">
         <name>.const:PRCM_PeriphRegsList</name>
         <load_address>0x200090e0</load_address>
         <run_address>0x200090e0</run_address>
         <size>0xa8</size>
         <input_file_ref idref="fl-f1"/>
      </object_component>
      <object_component id="oc-2e3">
         <name>.const</name>
         <load_address>0x20009188</load_address>
         <run_address>0x20009188</run_address>
         <size>0x80</size>
         <input_file_ref idref="fl-ef"/>
      </object_component>
      <object_component id="oc-427">
         <name>.const:.string:$P$T1</name>
         <load_address>0x20009208</load_address>
         <run_address>0x20009208</run_address>
         <size>0x50</size>
         <input_file_ref idref="fl-18"/>
      </object_component>
      <object_component id="oc-415">
         <name>.const:.string:$P$T6</name>
         <load_address>0x20009258</load_address>
         <run_address>0x20009258</run_address>
         <size>0x3d</size>
         <input_file_ref idref="fl-18"/>
      </object_component>
      <object_component id="oc-418">
         <name>.const:.string:$P$T7</name>
         <load_address>0x20009295</load_address>
         <run_address>0x20009295</run_address>
         <size>0x3a</size>
         <input_file_ref idref="fl-18"/>
      </object_component>
      <object_component id="oc-43b">
         <name>.const:.string:$P$T2</name>
         <load_address>0x200092cf</load_address>
         <run_address>0x200092cf</run_address>
         <size>0x32</size>
         <input_file_ref idref="fl-1c"/>
      </object_component>
      <object_component id="oc-23d">
         <name>.const:Driver_Handle_list</name>
         <load_address>0x20009304</load_address>
         <run_address>0x20009304</run_address>
         <size>0x28</size>
         <input_file_ref idref="fl-17"/>
      </object_component>
      <object_component id="oc-438">
         <name>.const:.string:$P$T1</name>
         <load_address>0x2000932c</load_address>
         <run_address>0x2000932c</run_address>
         <size>0x24</size>
         <input_file_ref idref="fl-1c"/>
      </object_component>
      <object_component id="oc-435">
         <name>.const:.string:$P$T0</name>
         <load_address>0x20009350</load_address>
         <run_address>0x20009350</run_address>
         <size>0x19</size>
         <input_file_ref idref="fl-1c"/>
      </object_component>
      <object_component id="oc-412">
         <name>.const:.string:$P$T5</name>
         <load_address>0x20009369</load_address>
         <run_address>0x20009369</run_address>
         <size>0x19</size>
         <input_file_ref idref="fl-18"/>
      </object_component>
      <object_component id="oc-398">
         <name>.const:iTC_215Mb_LUT</name>
         <load_address>0x20009382</load_address>
         <run_address>0x20009382</run_address>
         <size>0x14</size>
         <input_file_ref idref="fl-18"/>
      </object_component>
      <object_component id="oc-39b">
         <name>.const:iTC_215Mb_OTP_LUT</name>
         <load_address>0x20009396</load_address>
         <run_address>0x20009396</run_address>
         <size>0x14</size>
         <input_file_ref idref="fl-1c"/>
      </object_component>
      <object_component id="oc-395">
         <name>.const:iTC_215Mb_PU_LUT</name>
         <load_address>0x200093aa</load_address>
         <run_address>0x200093aa</run_address>
         <size>0x14</size>
         <input_file_ref idref="fl-18"/>
      </object_component>
      <object_component id="oc-43e">
         <name>.const:.string:$P$T3</name>
         <load_address>0x200093be</load_address>
         <run_address>0x200093be</run_address>
         <size>0x13</size>
         <input_file_ref idref="fl-1c"/>
      </object_component>
      <object_component id="oc-41b">
         <name>.const:.string:$P$T8</name>
         <load_address>0x200093d1</load_address>
         <run_address>0x200093d1</run_address>
         <size>0x13</size>
         <input_file_ref idref="fl-18"/>
      </object_component>
      <object_component id="oc-3e5">
         <name>.const:.string:$P$T0$1</name>
         <load_address>0x200093e4</load_address>
         <run_address>0x200093e4</run_address>
         <size>0x10</size>
         <input_file_ref idref="fl-21"/>
      </object_component>
      <object_component id="oc-3e8">
         <name>.const:.string:$P$T1$2</name>
         <load_address>0x200093f4</load_address>
         <run_address>0x200093f4</run_address>
         <size>0x10</size>
         <input_file_ref idref="fl-21"/>
      </object_component>
      <object_component id="oc-400">
         <name>.const:.string:$P$T2$3</name>
         <load_address>0x20009404</load_address>
         <run_address>0x20009404</run_address>
         <size>0x10</size>
         <input_file_ref idref="fl-21"/>
      </object_component>
      <object_component id="oc-403">
         <name>.const:.string:$P$T3$4</name>
         <load_address>0x20009414</load_address>
         <run_address>0x20009414</run_address>
         <size>0x10</size>
         <input_file_ref idref="fl-21"/>
      </object_component>
      <object_component id="oc-441">
         <name>.const:.string:$P$T4</name>
         <load_address>0x20009424</load_address>
         <run_address>0x20009424</run_address>
         <size>0xa</size>
         <input_file_ref idref="fl-1c"/>
      </object_component>
      <object_component id="oc-430">
         <name>.const:.string:$P$T4</name>
         <load_address>0x2000942e</load_address>
         <run_address>0x2000942e</run_address>
         <size>0xa</size>
         <input_file_ref idref="fl-18"/>
      </object_component>
      <object_component id="oc-41e">
         <name>.const:.string:$P$T9</name>
         <load_address>0x20009438</load_address>
         <run_address>0x20009438</run_address>
         <size>0xa</size>
         <input_file_ref idref="fl-18"/>
      </object_component>
      <object_component id="oc-4a5">
         <name>.cinit..data.load</name>
         <load_address>0x20009448</load_address>
         <run_address>0x20009448</run_address>
         <size>0x49</size>
      </object_component>
      <object_component id="oc-4a3">
         <name>__TI_handler_table</name>
         <load_address>0x20009494</load_address>
         <run_address>0x20009494</run_address>
         <size>0xc</size>
      </object_component>
      <object_component id="oc-4a6">
         <name>.cinit..bss.load</name>
         <load_address>0x200094a0</load_address>
         <run_address>0x200094a0</run_address>
         <size>0x8</size>
      </object_component>
      <object_component id="oc-4a4">
         <name>__TI_cinit_table</name>
         <load_address>0x200094a8</load_address>
         <run_address>0x200094a8</run_address>
         <size>0x10</size>
      </object_component>
      <object_component id="oc-1c1">
         <name>.data</name>
         <load_address>0x2001d847</load_address>
         <run_address>0x2001d847</run_address>
         <size>0x1</size>
         <input_file_ref idref="fl-2"/>
      </object_component>
      <object_component id="oc-337">
         <name>.data:$P$T0</name>
         <load_address>0x2001d845</load_address>
         <run_address>0x2001d845</run_address>
         <size>0x2</size>
         <input_file_ref idref="fl-17"/>
      </object_component>
      <object_component id="oc-424">
         <name>.data:$P$T0</name>
         <load_address>0x2001d82c</load_address>
         <run_address>0x2001d82c</run_address>
         <size>0x19</size>
         <input_file_ref idref="fl-18"/>
      </object_component>
      <object_component id="oc-3bd">
         <name>.data</name>
         <load_address>0x2001d800</load_address>
         <run_address>0x2001d800</run_address>
         <size>0x2c</size>
         <input_file_ref idref="fl-21"/>
      </object_component>
      <object_component id="oc-b0">
         <name>.data:$O1$$</name>
         <load_address>0x2001d848</load_address>
         <run_address>0x2001d848</run_address>
         <size>0xc</size>
         <input_file_ref idref="fl-e2"/>
      </object_component>
      <object_component id="oc-44d">
         <name>.data:$O1$$</name>
         <load_address>0x2001d854</load_address>
         <run_address>0x2001d854</run_address>
         <size>0xc</size>
         <input_file_ref idref="fl-e4"/>
      </object_component>
      <object_component id="oc-77">
         <name>.data</name>
         <load_address>0x2001d868</load_address>
         <run_address>0x2001d868</run_address>
         <size>0x4</size>
         <input_file_ref idref="fl-e8"/>
      </object_component>
      <object_component id="oc-b3">
         <name>.data:$O1$$</name>
         <load_address>0x2001d860</load_address>
         <run_address>0x2001d860</run_address>
         <size>0x8</size>
         <input_file_ref idref="fl-e9"/>
      </object_component>
      <object_component id="oc-1a6">
         <name>.bss</name>
         <uninitialized>true</uninitialized>
         <run_address>0x2001d8a8</run_address>
         <size>0x4</size>
         <input_file_ref idref="fl-2"/>
      </object_component>
      <object_component id="oc-23a">
         <name>.bss</name>
         <uninitialized>true</uninitialized>
         <run_address>0x2001d89c</run_address>
         <size>0xb</size>
         <input_file_ref idref="fl-17"/>
      </object_component>
      <object_component id="oc-3db">
         <name>.bss</name>
         <uninitialized>true</uninitialized>
         <run_address>0x2001d884</run_address>
         <size>0x15</size>
         <input_file_ref idref="fl-21"/>
      </object_component>
      <object_component id="oc-331">
         <name>.common:IIC_IO</name>
         <uninitialized>true</uninitialized>
         <run_address>0x2001d86c</run_address>
         <size>0x18</size>
      </object_component>
      <object_component id="oc-2a">
         <name>.sysmem</name>
         <uninitialized>true</uninitialized>
         <run_address>0x2001d000</run_address>
         <size>0x8</size>
         <input_file_ref idref="fl-e4"/>
      </object_component>
      <object_component id="oc-4a8">
         <name>.sysmem</name>
         <uninitialized>true</uninitialized>
         <run_address>0x2001d000</run_address>
         <size>0x0</size>
      </object_component>
      <object_component id="oc-29">
         <name>.stack</name>
         <uninitialized>true</uninitialized>
         <run_address>0x2003f800</run_address>
         <size>0x0</size>
         <input_file_ref idref="fl-de"/>
      </object_component>
      <object_component id="oc-4a7">
         <name>.stack</name>
         <uninitialized>true</uninitialized>
         <run_address>0x2003f800</run_address>
         <size>0x0</size>
      </object_component>
      <object_component id="oc-233">
         <name>.debug_info</name>
         <load_address>0x0</load_address>
         <run_address>0x0</run_address>
         <size>0x7f6</size>
         <input_file_ref idref="fl-2"/>
      </object_component>
      <object_component id="oc-1a7">
         <name>.debug_info</name>
         <load_address>0x7f6</load_address>
         <run_address>0x7f6</run_address>
         <size>0x12e</size>
         <input_file_ref idref="fl-2"/>
      </object_component>
      <object_component id="oc-1c2">
         <name>.debug_info</name>
         <load_address>0x924</load_address>
         <run_address>0x924</run_address>
         <size>0x12b</size>
         <input_file_ref idref="fl-2"/>
      </object_component>
      <object_component id="oc-204">
         <name>.debug_info</name>
         <load_address>0xa4f</load_address>
         <run_address>0xa4f</run_address>
         <size>0x28a</size>
         <input_file_ref idref="fl-2"/>
      </object_component>
      <object_component id="oc-20b">
         <name>.debug_info</name>
         <load_address>0xcd9</load_address>
         <run_address>0xcd9</run_address>
         <size>0x268</size>
         <input_file_ref idref="fl-2"/>
      </object_component>
      <object_component id="oc-1fd">
         <name>.debug_info</name>
         <load_address>0xf41</load_address>
         <run_address>0xf41</run_address>
         <size>0x28c</size>
         <input_file_ref idref="fl-2"/>
      </object_component>
      <object_component id="oc-1c5">
         <name>.debug_info</name>
         <load_address>0x11cd</load_address>
         <run_address>0x11cd</run_address>
         <size>0x28c</size>
         <input_file_ref idref="fl-2"/>
      </object_component>
      <object_component id="oc-3c7">
         <name>.debug_info</name>
         <load_address>0x1459</load_address>
         <run_address>0x1459</run_address>
         <size>0x271</size>
         <input_file_ref idref="fl-2"/>
      </object_component>
      <object_component id="oc-1cc">
         <name>.debug_info</name>
         <load_address>0x16ca</load_address>
         <run_address>0x16ca</run_address>
         <size>0x290</size>
         <input_file_ref idref="fl-2"/>
      </object_component>
      <object_component id="oc-134">
         <name>.debug_info</name>
         <load_address>0x195a</load_address>
         <run_address>0x195a</run_address>
         <size>0x270</size>
         <input_file_ref idref="fl-2"/>
      </object_component>
      <object_component id="oc-192">
         <name>.debug_info</name>
         <load_address>0x1bca</load_address>
         <run_address>0x1bca</run_address>
         <size>0x26e</size>
         <input_file_ref idref="fl-2"/>
      </object_component>
      <object_component id="oc-1ef">
         <name>.debug_info</name>
         <load_address>0x1e38</load_address>
         <run_address>0x1e38</run_address>
         <size>0x29c</size>
         <input_file_ref idref="fl-2"/>
      </object_component>
      <object_component id="oc-12d">
         <name>.debug_info</name>
         <load_address>0x20d4</load_address>
         <run_address>0x20d4</run_address>
         <size>0x27c</size>
         <input_file_ref idref="fl-2"/>
      </object_component>
      <object_component id="oc-1d3">
         <name>.debug_info</name>
         <load_address>0x2350</load_address>
         <run_address>0x2350</run_address>
         <size>0x292</size>
         <input_file_ref idref="fl-2"/>
      </object_component>
      <object_component id="oc-3d5">
         <name>.debug_info</name>
         <load_address>0x25e2</load_address>
         <run_address>0x25e2</run_address>
         <size>0x272</size>
         <input_file_ref idref="fl-2"/>
      </object_component>
      <object_component id="oc-220">
         <name>.debug_info</name>
         <load_address>0x2854</load_address>
         <run_address>0x2854</run_address>
         <size>0x270</size>
         <input_file_ref idref="fl-2"/>
      </object_component>
      <object_component id="oc-1e1">
         <name>.debug_info</name>
         <load_address>0x2ac4</load_address>
         <run_address>0x2ac4</run_address>
         <size>0x29e</size>
         <input_file_ref idref="fl-2"/>
      </object_component>
      <object_component id="oc-3df">
         <name>.debug_info</name>
         <load_address>0x2d62</load_address>
         <run_address>0x2d62</run_address>
         <size>0x27e</size>
         <input_file_ref idref="fl-2"/>
      </object_component>
      <object_component id="oc-227">
         <name>.debug_info</name>
         <load_address>0x2fe0</load_address>
         <run_address>0x2fe0</run_address>
         <size>0x27c</size>
         <input_file_ref idref="fl-2"/>
      </object_component>
      <object_component id="oc-1da">
         <name>.debug_info</name>
         <load_address>0x325c</load_address>
         <run_address>0x325c</run_address>
         <size>0x29a</size>
         <input_file_ref idref="fl-2"/>
      </object_component>
      <object_component id="oc-3ce">
         <name>.debug_info</name>
         <load_address>0x34f6</load_address>
         <run_address>0x34f6</run_address>
         <size>0x278</size>
         <input_file_ref idref="fl-2"/>
      </object_component>
      <object_component id="oc-219">
         <name>.debug_info</name>
         <load_address>0x376e</load_address>
         <run_address>0x376e</run_address>
         <size>0x27d</size>
         <input_file_ref idref="fl-2"/>
      </object_component>
      <object_component id="oc-1e8">
         <name>.debug_info</name>
         <load_address>0x39eb</load_address>
         <run_address>0x39eb</run_address>
         <size>0x29b</size>
         <input_file_ref idref="fl-2"/>
      </object_component>
      <object_component id="oc-212">
         <name>.debug_info</name>
         <load_address>0x3c86</load_address>
         <run_address>0x3c86</run_address>
         <size>0x279</size>
         <input_file_ref idref="fl-2"/>
      </object_component>
      <object_component id="oc-1f6">
         <name>.debug_info</name>
         <load_address>0x3eff</load_address>
         <run_address>0x3eff</run_address>
         <size>0x295</size>
         <input_file_ref idref="fl-2"/>
      </object_component>
      <object_component id="oc-118">
         <name>.debug_info</name>
         <load_address>0x4194</load_address>
         <run_address>0x4194</run_address>
         <size>0x275</size>
         <input_file_ref idref="fl-2"/>
      </object_component>
      <object_component id="oc-120">
         <name>.debug_info</name>
         <load_address>0x4409</load_address>
         <run_address>0x4409</run_address>
         <size>0x273</size>
         <input_file_ref idref="fl-2"/>
      </object_component>
      <object_component id="oc-177">
         <name>.debug_info</name>
         <load_address>0x467c</load_address>
         <run_address>0x467c</run_address>
         <size>0x273</size>
         <input_file_ref idref="fl-2"/>
      </object_component>
      <object_component id="oc-17e">
         <name>.debug_info</name>
         <load_address>0x48ef</load_address>
         <run_address>0x48ef</run_address>
         <size>0x273</size>
         <input_file_ref idref="fl-2"/>
      </object_component>
      <object_component id="oc-185">
         <name>.debug_info</name>
         <load_address>0x4b62</load_address>
         <run_address>0x4b62</run_address>
         <size>0x271</size>
         <input_file_ref idref="fl-2"/>
      </object_component>
      <object_component id="oc-3ec">
         <name>.debug_info</name>
         <load_address>0x4dd3</load_address>
         <run_address>0x4dd3</run_address>
         <size>0x293</size>
         <input_file_ref idref="fl-2"/>
      </object_component>
      <object_component id="oc-1a0">
         <name>.debug_info</name>
         <load_address>0x5066</load_address>
         <run_address>0x5066</run_address>
         <size>0x273</size>
         <input_file_ref idref="fl-2"/>
      </object_component>
      <object_component id="oc-199">
         <name>.debug_info</name>
         <load_address>0x52d9</load_address>
         <run_address>0x52d9</run_address>
         <size>0x271</size>
         <input_file_ref idref="fl-2"/>
      </object_component>
      <object_component id="oc-3f3">
         <name>.debug_info</name>
         <load_address>0x554a</load_address>
         <run_address>0x554a</run_address>
         <size>0x295</size>
         <input_file_ref idref="fl-2"/>
      </object_component>
      <object_component id="oc-3fa">
         <name>.debug_info</name>
         <load_address>0x57df</load_address>
         <run_address>0x57df</run_address>
         <size>0x295</size>
         <input_file_ref idref="fl-2"/>
      </object_component>
      <object_component id="oc-de">
         <name>.debug_info</name>
         <load_address>0x5a74</load_address>
         <run_address>0x5a74</run_address>
         <size>0x1f1a</size>
         <input_file_ref idref="fl-2"/>
      </object_component>
      <object_component id="oc-309">
         <name>.debug_info</name>
         <load_address>0x798e</load_address>
         <run_address>0x798e</run_address>
         <size>0x3f3</size>
         <input_file_ref idref="fl-2"/>
      </object_component>
      <object_component id="oc-304">
         <name>.debug_info</name>
         <load_address>0x7d81</load_address>
         <run_address>0x7d81</run_address>
         <size>0x83</size>
         <input_file_ref idref="fl-2"/>
      </object_component>
      <object_component id="oc-3a7">
         <name>.debug_info</name>
         <load_address>0x7e04</load_address>
         <run_address>0x7e04</run_address>
         <size>0x62</size>
         <input_file_ref idref="fl-2"/>
      </object_component>
      <object_component id="oc-c9">
         <name>.debug_info</name>
         <load_address>0x7e66</load_address>
         <run_address>0x7e66</run_address>
         <size>0x8b</size>
         <input_file_ref idref="fl-2"/>
      </object_component>
      <object_component id="oc-22e">
         <name>.debug_info</name>
         <load_address>0x7ef1</load_address>
         <run_address>0x7ef1</run_address>
         <size>0x18b</size>
         <input_file_ref idref="fl-2"/>
      </object_component>
      <object_component id="oc-2bf">
         <name>.debug_info</name>
         <load_address>0x807c</load_address>
         <run_address>0x807c</run_address>
         <size>0x2c</size>
         <input_file_ref idref="fl-2"/>
      </object_component>
      <object_component id="oc-91">
         <name>.debug_info</name>
         <load_address>0x80a8</load_address>
         <run_address>0x80a8</run_address>
         <size>0x2c</size>
         <input_file_ref idref="fl-2"/>
      </object_component>
      <object_component id="oc-332">
         <name>.debug_info</name>
         <load_address>0x80d4</load_address>
         <run_address>0x80d4</run_address>
         <size>0x411</size>
         <input_file_ref idref="fl-3"/>
      </object_component>
      <object_component id="oc-32c">
         <name>.debug_info</name>
         <load_address>0x84e5</load_address>
         <run_address>0x84e5</run_address>
         <size>0x1a5</size>
         <input_file_ref idref="fl-3"/>
      </object_component>
      <object_component id="oc-310">
         <name>.debug_info</name>
         <load_address>0x868a</load_address>
         <run_address>0x868a</run_address>
         <size>0x1ac</size>
         <input_file_ref idref="fl-3"/>
      </object_component>
      <object_component id="oc-317">
         <name>.debug_info</name>
         <load_address>0x8836</load_address>
         <run_address>0x8836</run_address>
         <size>0x1aa</size>
         <input_file_ref idref="fl-3"/>
      </object_component>
      <object_component id="oc-31e">
         <name>.debug_info</name>
         <load_address>0x89e0</load_address>
         <run_address>0x89e0</run_address>
         <size>0x1ac</size>
         <input_file_ref idref="fl-3"/>
      </object_component>
      <object_component id="oc-325">
         <name>.debug_info</name>
         <load_address>0x8b8c</load_address>
         <run_address>0x8b8c</run_address>
         <size>0x1aa</size>
         <input_file_ref idref="fl-3"/>
      </object_component>
      <object_component id="oc-236">
         <name>.debug_info</name>
         <load_address>0x8d36</load_address>
         <run_address>0x8d36</run_address>
         <size>0xd76</size>
         <input_file_ref idref="fl-3"/>
      </object_component>
      <object_component id="oc-388">
         <name>.debug_info</name>
         <load_address>0x9aac</load_address>
         <run_address>0x9aac</run_address>
         <size>0xae</size>
         <input_file_ref idref="fl-3"/>
      </object_component>
      <object_component id="oc-29f">
         <name>.debug_info</name>
         <load_address>0x9b5a</load_address>
         <run_address>0x9b5a</run_address>
         <size>0x46d</size>
         <input_file_ref idref="fl-4"/>
      </object_component>
      <object_component id="oc-113">
         <name>.debug_info</name>
         <load_address>0x9fc7</load_address>
         <run_address>0x9fc7</run_address>
         <size>0xa52</size>
         <input_file_ref idref="fl-4"/>
      </object_component>
      <object_component id="oc-3c">
         <name>.debug_info</name>
         <load_address>0xaa19</load_address>
         <run_address>0xaa19</run_address>
         <size>0x84</size>
         <input_file_ref idref="fl-4"/>
      </object_component>
      <object_component id="oc-24c">
         <name>.debug_info</name>
         <load_address>0xaa9d</load_address>
         <run_address>0xaa9d</run_address>
         <size>0x16d</size>
         <input_file_ref idref="fl-f"/>
      </object_component>
      <object_component id="oc-ed">
         <name>.debug_info</name>
         <load_address>0xac0a</load_address>
         <run_address>0xac0a</run_address>
         <size>0x189</size>
         <input_file_ref idref="fl-f"/>
      </object_component>
      <object_component id="oc-249">
         <name>.debug_info</name>
         <load_address>0xad93</load_address>
         <run_address>0xad93</run_address>
         <size>0x16d</size>
         <input_file_ref idref="fl-10"/>
      </object_component>
      <object_component id="oc-ea">
         <name>.debug_info</name>
         <load_address>0xaf00</load_address>
         <run_address>0xaf00</run_address>
         <size>0x189</size>
         <input_file_ref idref="fl-10"/>
      </object_component>
      <object_component id="oc-246">
         <name>.debug_info</name>
         <load_address>0xb089</load_address>
         <run_address>0xb089</run_address>
         <size>0x6e7</size>
         <input_file_ref idref="fl-17"/>
      </object_component>
      <object_component id="oc-338">
         <name>.debug_info</name>
         <load_address>0xb770</load_address>
         <run_address>0xb770</run_address>
         <size>0x179</size>
         <input_file_ref idref="fl-17"/>
      </object_component>
      <object_component id="oc-23e">
         <name>.debug_info</name>
         <load_address>0xb8e9</load_address>
         <run_address>0xb8e9</run_address>
         <size>0x192</size>
         <input_file_ref idref="fl-17"/>
      </object_component>
      <object_component id="oc-23b">
         <name>.debug_info</name>
         <load_address>0xba7b</load_address>
         <run_address>0xba7b</run_address>
         <size>0x220</size>
         <input_file_ref idref="fl-17"/>
      </object_component>
      <object_component id="oc-e4">
         <name>.debug_info</name>
         <load_address>0xbc9b</load_address>
         <run_address>0xbc9b</run_address>
         <size>0x144c</size>
         <input_file_ref idref="fl-17"/>
      </object_component>
      <object_component id="oc-241">
         <name>.debug_info</name>
         <load_address>0xd0e7</load_address>
         <run_address>0xd0e7</run_address>
         <size>0x3f3</size>
         <input_file_ref idref="fl-17"/>
      </object_component>
      <object_component id="oc-423">
         <name>.debug_info</name>
         <load_address>0xd4da</load_address>
         <run_address>0xd4da</run_address>
         <size>0x474</size>
         <input_file_ref idref="fl-18"/>
      </object_component>
      <object_component id="oc-425">
         <name>.debug_info</name>
         <load_address>0xd94e</load_address>
         <run_address>0xd94e</run_address>
         <size>0x12b</size>
         <input_file_ref idref="fl-18"/>
      </object_component>
      <object_component id="oc-428">
         <name>.debug_info</name>
         <load_address>0xda79</load_address>
         <run_address>0xda79</run_address>
         <size>0x12b</size>
         <input_file_ref idref="fl-18"/>
      </object_component>
      <object_component id="oc-42b">
         <name>.debug_info</name>
         <load_address>0xdba4</load_address>
         <run_address>0xdba4</run_address>
         <size>0x12b</size>
         <input_file_ref idref="fl-18"/>
      </object_component>
      <object_component id="oc-42e">
         <name>.debug_info</name>
         <load_address>0xdccf</load_address>
         <run_address>0xdccf</run_address>
         <size>0x12b</size>
         <input_file_ref idref="fl-18"/>
      </object_component>
      <object_component id="oc-431">
         <name>.debug_info</name>
         <load_address>0xddfa</load_address>
         <run_address>0xddfa</run_address>
         <size>0x12b</size>
         <input_file_ref idref="fl-18"/>
      </object_component>
      <object_component id="oc-413">
         <name>.debug_info</name>
         <load_address>0xdf25</load_address>
         <run_address>0xdf25</run_address>
         <size>0x12b</size>
         <input_file_ref idref="fl-18"/>
      </object_component>
      <object_component id="oc-416">
         <name>.debug_info</name>
         <load_address>0xe050</load_address>
         <run_address>0xe050</run_address>
         <size>0x12b</size>
         <input_file_ref idref="fl-18"/>
      </object_component>
      <object_component id="oc-419">
         <name>.debug_info</name>
         <load_address>0xe17b</load_address>
         <run_address>0xe17b</run_address>
         <size>0x12b</size>
         <input_file_ref idref="fl-18"/>
      </object_component>
      <object_component id="oc-41c">
         <name>.debug_info</name>
         <load_address>0xe2a6</load_address>
         <run_address>0xe2a6</run_address>
         <size>0x12b</size>
         <input_file_ref idref="fl-18"/>
      </object_component>
      <object_component id="oc-41f">
         <name>.debug_info</name>
         <load_address>0xe3d1</load_address>
         <run_address>0xe3d1</run_address>
         <size>0x12b</size>
         <input_file_ref idref="fl-18"/>
      </object_component>
      <object_component id="oc-399">
         <name>.debug_info</name>
         <load_address>0xe4fc</load_address>
         <run_address>0xe4fc</run_address>
         <size>0x13c</size>
         <input_file_ref idref="fl-18"/>
      </object_component>
      <object_component id="oc-396">
         <name>.debug_info</name>
         <load_address>0xe638</load_address>
         <run_address>0xe638</run_address>
         <size>0x142</size>
         <input_file_ref idref="fl-18"/>
      </object_component>
      <object_component id="oc-469">
         <name>.debug_info</name>
         <load_address>0xe77a</load_address>
         <run_address>0xe77a</run_address>
         <size>0x3f3</size>
         <input_file_ref idref="fl-18"/>
      </object_component>
      <object_component id="oc-408">
         <name>.debug_info</name>
         <load_address>0xeb6d</load_address>
         <run_address>0xeb6d</run_address>
         <size>0x550</size>
         <input_file_ref idref="fl-18"/>
      </object_component>
      <object_component id="oc-3a4">
         <name>.debug_info</name>
         <load_address>0xf0bd</load_address>
         <run_address>0xf0bd</run_address>
         <size>0x6e1</size>
         <input_file_ref idref="fl-1c"/>
      </object_component>
      <object_component id="oc-436">
         <name>.debug_info</name>
         <load_address>0xf79e</load_address>
         <run_address>0xf79e</run_address>
         <size>0x188</size>
         <input_file_ref idref="fl-1c"/>
      </object_component>
      <object_component id="oc-439">
         <name>.debug_info</name>
         <load_address>0xf926</load_address>
         <run_address>0xf926</run_address>
         <size>0x188</size>
         <input_file_ref idref="fl-1c"/>
      </object_component>
      <object_component id="oc-43c">
         <name>.debug_info</name>
         <load_address>0xfaae</load_address>
         <run_address>0xfaae</run_address>
         <size>0x188</size>
         <input_file_ref idref="fl-1c"/>
      </object_component>
      <object_component id="oc-43f">
         <name>.debug_info</name>
         <load_address>0xfc36</load_address>
         <run_address>0xfc36</run_address>
         <size>0x188</size>
         <input_file_ref idref="fl-1c"/>
      </object_component>
      <object_component id="oc-442">
         <name>.debug_info</name>
         <load_address>0xfdbe</load_address>
         <run_address>0xfdbe</run_address>
         <size>0x188</size>
         <input_file_ref idref="fl-1c"/>
      </object_component>
      <object_component id="oc-39c">
         <name>.debug_info</name>
         <load_address>0xff46</load_address>
         <run_address>0xff46</run_address>
         <size>0x1a1</size>
         <input_file_ref idref="fl-1c"/>
      </object_component>
      <object_component id="oc-33b">
         <name>.debug_info</name>
         <load_address>0x100e7</load_address>
         <run_address>0x100e7</run_address>
         <size>0x127a</size>
         <input_file_ref idref="fl-1c"/>
      </object_component>
      <object_component id="oc-39f">
         <name>.debug_info</name>
         <load_address>0x11361</load_address>
         <run_address>0x11361</run_address>
         <size>0x3f3</size>
         <input_file_ref idref="fl-1c"/>
      </object_component>
      <object_component id="oc-407">
         <name>.debug_info</name>
         <load_address>0x11754</load_address>
         <run_address>0x11754</run_address>
         <size>0x681</size>
         <input_file_ref idref="fl-21"/>
      </object_component>
      <object_component id="oc-3be">
         <name>.debug_info</name>
         <load_address>0x11dd5</load_address>
         <run_address>0x11dd5</run_address>
         <size>0x33d</size>
         <input_file_ref idref="fl-21"/>
      </object_component>
      <object_component id="oc-3dc">
         <name>.debug_info</name>
         <load_address>0x12112</load_address>
         <run_address>0x12112</run_address>
         <size>0x2a0</size>
         <input_file_ref idref="fl-21"/>
      </object_component>
      <object_component id="oc-3e6">
         <name>.debug_info</name>
         <load_address>0x123b2</load_address>
         <run_address>0x123b2</run_address>
         <size>0x186</size>
         <input_file_ref idref="fl-21"/>
      </object_component>
      <object_component id="oc-3e9">
         <name>.debug_info</name>
         <load_address>0x12538</load_address>
         <run_address>0x12538</run_address>
         <size>0x186</size>
         <input_file_ref idref="fl-21"/>
      </object_component>
      <object_component id="oc-401">
         <name>.debug_info</name>
         <load_address>0x126be</load_address>
[...]
         <object_component_ref idref="oc-e3"/>
      </symbol>
      <symbol id="sm-34d">
         <name>EPD_display_GU_from_flash</name>
         <value>0x20005639</value>
         <object_component_ref idref="oc-e3"/>
      </symbol>
      <symbol id="sm-3ae">
         <name>iTC_215Mb_LUT</name>
         <value>0x20009382</value>
         <object_component_ref idref="oc-398"/>
      </symbol>
      <symbol id="sm-3af">
         <name>iTC_215Mb_PU_LUT</name>
         <value>0x200093aa</value>
         <object_component_ref idref="oc-395"/>
      </symbol>
      <symbol id="sm-3f8">
         <name>iTC_215Mb_power_off</name>
         <value>0x20006787</value>
         <object_component_ref idref="oc-33a"/>
      </symbol>
      <symbol id="sm-3f9">
         <name>iTC_215Mb_Display_PU_From_Flash</name>
         <value>0x20006765</value>
         <object_component_ref idref="oc-33a"/>
      </symbol>
      <symbol id="sm-3fa">
         <name>iTC_215Mb_Display_from_flash</name>
         <value>0x20006739</value>
         <object_component_ref idref="oc-33a"/>
      </symbol>
      <symbol id="sm-3fb">
         <name>iTC_215Mb_Display_PU_from_Ram</name>
         <value>0x2000674d</value>
         <object_component_ref idref="oc-33a"/>
      </symbol>
      <symbol id="sm-3fc">
         <name>iTC_215Mb_Display_from_Ram</name>
         <value>0x20006729</value>
         <object_component_ref idref="oc-33a"/>
      </symbol>
      <symbol id="sm-3fd">
         <name>iTC_215Mb_initialize_driver</name>
         <value>0x20006719</value>
         <object_component_ref idref="oc-33a"/>
      </symbol>
      <symbol id="sm-3fe">
         <name>iTC_215Mb_power_on</name>
         <value>0x200066f9</value>
         <object_component_ref idref="oc-33a"/>
      </symbol>
      <symbol id="sm-3ff">
         <name>iTC_215Mb_IO_Config</name>
         <value>0x200066f1</value>
         <object_component_ref idref="oc-33a"/>
      </symbol>
      <symbol id="sm-400">
         <name>iTC_215Mb_OTP_LUT</name>
         <value>0x20009396</value>
         <object_component_ref idref="oc-39b"/>
      </symbol>
      <symbol id="sm-516">
         <name>iTC_Display_from_flash</name>
         <value>0x20005105</value>
         <object_component_ref idref="oc-38f"/>
      </symbol>
      <symbol id="sm-517">
         <name>readLUTData</name>
         <value>0x20004401</value>
         <object_component_ref idref="oc-38f"/>
      </symbol>
      <symbol id="sm-518">
         <name>iTC_ReadLineData_Handle_2bit</name>
         <value>0x20004ed9</value>
         <object_component_ref idref="oc-38f"/>
      </symbol>
      <symbol id="sm-519">
         <name>Ex_RunEngine</name>
         <value>0x20004b1b</value>
         <object_component_ref idref="oc-38f"/>
      </symbol>
      <symbol id="sm-51a">
         <name>RunEngine</name>
         <value>0x20004b4f</value>
         <object_component_ref idref="oc-38f"/>
      </symbol>
      <symbol id="sm-51b">
         <name>iTC_IO_Config</name>
         <value>0x20004f7d</value>
         <object_component_ref idref="oc-38f"/>
      </symbol>
      <symbol id="sm-51c">
         <name>iTC_ReadLineData_Handle_1bit</name>
         <value>0x20004eb1</value>
         <object_component_ref idref="oc-38f"/>
      </symbol>
      <symbol id="sm-51d">
         <name>iTC_Display_from_Ram</name>
         <value>0x20005097</value>
         <object_component_ref idref="oc-38f"/>
      </symbol>
      <symbol id="sm-51e">
         <name>iTC_power_off</name>
         <value>0x2000516f</value>
         <object_component_ref idref="oc-38f"/>
      </symbol>
      <symbol id="sm-51f">
         <name>iTC_Engine_init</name>
         <value>0x20004b91</value>
         <object_component_ref idref="oc-38f"/>
      </symbol>
      <symbol id="sm-520">
         <name>iTC_Display_PU_From_Flash</name>
         <value>0x20004d4d</value>
         <object_component_ref idref="oc-38f"/>
      </symbol>
      <symbol id="sm-521">
         <name>SetPU_ImageDataHandle</name>
         <value>0x20004b0b</value>
         <object_component_ref idref="oc-38f"/>
      </symbol>
      <symbol id="sm-522">
         <name>iTC_Display_PU_from_Ram</name>
         <value>0x20004d15</value>
         <object_component_ref idref="oc-38f"/>
      </symbol>
      <symbol id="sm-523">
         <name>iTC_power_on</name>
         <value>0x20004fc5</value>
         <object_component_ref idref="oc-38f"/>
      </symbol>
      <symbol id="sm-524">
         <name>iTC_ReadLineData_PU_Handle</name>
         <value>0x20004bc9</value>
         <object_component_ref idref="oc-38f"/>
      </symbol>
      <symbol id="sm-525">
         <name>iTC_ReadLineData_Handle</name>
         <value>0x20004d9d</value>
         <object_component_ref idref="oc-38f"/>
      </symbol>
      <symbol id="sm-526">
         <name>decod_cmd</name>
         <value>0x20004469</value>
         <object_component_ref idref="oc-38f"/>
      </symbol>
      <symbol id="sm-527">
         <name>iTC_initialize_driver</name>
         <value>0x2000502d</value>
         <object_component_ref idref="oc-38f"/>
      </symbol>
      <symbol id="sm-535">
         <name>main</name>
         <value>0x20006e51</value>
         <object_component_ref idref="oc-a8"/>
      </symbol>
      <symbol id="sm-554">
         <name>ResetISR</name>
         <value>0x2000776d</value>
         <object_component_ref idref="oc-2d"/>
      </symbol>
      <symbol id="sm-555">
         <name>g_pfnVectors</name>
         <value>0x20004000</value>
         <object_component_ref idref="oc-f"/>
      </symbol>
      <symbol id="sm-565">
         <name>_c_int00</name>
         <value>0x20006fc9</value>
         <object_component_ref idref="oc-24"/>
      </symbol>
      <symbol id="sm-566">
         <name>__stack</name>
         <value>0x2003f800</value>
         <object_component_ref idref="oc-29"/>
      </symbol>
      <symbol id="sm-584">
         <name>__TI_decompress_lzss</name>
         <value>0x20006d91</value>
         <object_component_ref idref="oc-12"/>
      </symbol>
      <symbol id="sm-59b">
         <name>__TI_decompress_none</name>
         <value>0x2000775f</value>
         <object_component_ref idref="oc-18"/>
      </symbol>
      <symbol id="sm-5ad">
         <name>__TI_zero_init</name>
         <value>0x2000777b</value>
         <object_component_ref idref="oc-1e"/>
      </symbol>
      <symbol id="sm-5ce">
         <name>C$$EXIT</name>
         <value>0x20006ea5</value>
         <object_component_ref idref="oc-71"/>
      </symbol>
      <symbol id="sm-5cf">
         <name>abort</name>
         <value>0x20006ea9</value>
         <object_component_ref idref="oc-71"/>
      </symbol>
      <symbol id="sm-5d0">
         <name>exit</name>
         <value>0x20006eb1</value>
         <object_component_ref idref="oc-71"/>
      </symbol>
      <symbol id="sm-5d1">
         <name>__TI_dtors_ptr</name>
         <value>0x2001d84c</value>
         <object_component_ref idref="oc-b0"/>
      </symbol>
      <symbol id="sm-5d2">
         <name>__TI_cleanup_ptr</name>
         <value>0x2001d848</value>
         <object_component_ref idref="oc-b0"/>
      </symbol>
      <symbol id="sm-5d3">
         <name>__TI_enable_exit_profile_output</name>
         <value>0x2001d850</value>
         <object_component_ref idref="oc-b0"/>
      </symbol>
      <symbol id="sm-5ee">
         <name>memcpy</name>
         <value>0x2000698d</value>
         <object_component_ref idref="oc-41"/>
      </symbol>
      <symbol id="sm-5ef">
         <name>__aeabi_memcpy</name>
         <value>0x2000698d</value>
         <object_component_ref idref="oc-41"/>
      </symbol>
      <symbol id="sm-5f0">
         <name>__aeabi_memcpy8</name>
         <value>0x2000698d</value>
         <object_component_ref idref="oc-41"/>
      </symbol>
      <symbol id="sm-5f1">
         <name>__aeabi_memcpy4</name>
         <value>0x2000698d</value>
         <object_component_ref idref="oc-41"/>
      </symbol>
      <symbol id="sm-665">
         <name>_sys_memory</name>
         <value>0x2001d000</value>
         <object_component_ref idref="oc-2a"/>
      </symbol>
      <symbol id="sm-666">
         <name>free</name>
         <value>0x20005c63</value>
         <object_component_ref idref="oc-3c0"/>
      </symbol>
      <symbol id="sm-667">
         <name>realloc</name>
         <value>0x20005d25</value>
         <object_component_ref idref="oc-3c0"/>
      </symbol>
      <symbol id="sm-668">
         <name>memalign</name>
         <value>0x20005e2d</value>
         <object_component_ref idref="oc-3c0"/>
      </symbol>
      <symbol id="sm-669">
         <name>calloc</name>
         <value>0x20005f19</value>
         <object_component_ref idref="oc-3c0"/>
      </symbol>
      <symbol id="sm-66a">
         <name>malloc</name>
         <value>0x20005bf9</value>
         <object_component_ref idref="oc-3c0"/>
      </symbol>
      <symbol id="sm-66b">
         <name>minit</name>
         <value>0x20005b79</value>
         <object_component_ref idref="oc-3c0"/>
      </symbol>
      <symbol id="sm-67a">
         <name>__aeabi_memset</name>
         <value>0x20006bcf</value>
         <object_component_ref idref="oc-4d"/>
      </symbol>
      <symbol id="sm-67b">
         <name>memset</name>
         <value>0x20006bd5</value>
         <object_component_ref idref="oc-4d"/>
      </symbol>
      <symbol id="sm-67c">
         <name>__aeabi_memset8</name>
         <value>0x20006bcf</value>
         <object_component_ref idref="oc-4d"/>
      </symbol>
      <symbol id="sm-67d">
         <name>__aeabi_memset4</name>
         <value>0x20006bcf</value>
         <object_component_ref idref="oc-4d"/>
      </symbol>
      <symbol id="sm-67e">
         <name>__aeabi_memclr8</name>
         <value>0x20006bcd</value>
         <object_component_ref idref="oc-4d"/>
      </symbol>
      <symbol id="sm-67f">
         <name>__aeabi_memclr4</name>
         <value>0x20006bcd</value>
         <object_component_ref idref="oc-4d"/>
      </symbol>
      <symbol id="sm-680">
         <name>__aeabi_memclr</name>
         <value>0x20006bcd</value>
         <object_component_ref idref="oc-4d"/>
      </symbol>
      <symbol id="sm-68a">
         <name>__mpu_init</name>
         <value>0x2000707b</value>
         <object_component_ref idref="oc-59"/>
      </symbol>
      <symbol id="sm-694">
         <name>_system_pre_init</name>
         <value>0x20007797</value>
         <object_component_ref idref="oc-5f"/>
      </symbol>
      <symbol id="sm-69c">
         <name>main_func_sp</name>
         <value>0x2001d868</value>
         <object_component_ref idref="oc-77"/>
      </symbol>
      <symbol id="sm-6b5">
         <name>_nop</name>
         <value>0x20007727</value>
         <object_component_ref idref="oc-f9"/>
      </symbol>
      <symbol id="sm-6b6">
         <name>_lock</name>
         <value>0x2001d860</value>
         <object_component_ref idref="oc-b3"/>
      </symbol>
      <symbol id="sm-6b7">
         <name>_unlock</name>
         <value>0x2001d864</value>
         <object_component_ref idref="oc-b3"/>
      </symbol>
      <symbol id="sm-6b8">
         <name>_register_lock</name>
         <value>0x2000771f</value>
         <object_component_ref idref="oc-f9"/>
      </symbol>
      <symbol id="sm-6b9">
         <name>_register_unlock</name>
         <value>0x20007719</value>
         <object_component_ref idref="oc-f9"/>
      </symbol>
      <symbol id="sm-6cd">
         <name>_args_main</name>
         <value>0x2000756d</value>
         <object_component_ref idref="oc-6b"/>
      </symbol>
      <symbol id="sm-6f7">
         <name>__TI_auto_init</name>
         <value>0x20006cb9</value>
         <object_component_ref idref="oc-65"/>
      </symbol>
      <symbol id="sm-711">
         <name>copy_in</name>
         <value>0x20006ef9</value>
         <object_component_ref idref="oc-9a"/>
      </symbol>
      <symbol id="sm-71b">
         <name>_system_post_cinit</name>
         <value>0x20007297</value>
         <object_component_ref idref="oc-a0"/>
      </symbol>
      <symbol id="sm-737">
         <name>GPIOPinRead</name>
         <value>0x200074c3</value>
         <object_component_ref idref="oc-380"/>
      </symbol>
      <symbol id="sm-738">
         <name>GPIODirModeSet</name>
         <value>0x20007045</value>
         <object_component_ref idref="oc-170"/>
      </symbol>
      <symbol id="sm-739">
         <name>GPIOPinWrite</name>
         <value>0x20007277</value>
         <object_component_ref idref="oc-2a0"/>
      </symbol>
      <symbol id="sm-7a0">
         <name>IntVTableBaseSet</name>
         <value>0x200076c9</value>
         <object_component_ref idref="oc-1a9"/>
      </symbol>
      <symbol id="sm-7a1">
         <name>IntEnable</name>
         <value>0x20006845</value>
         <object_component_ref idref="oc-1b5"/>
      </symbol>
      <symbol id="sm-7a2">
         <name>IntDisable</name>
         <value>0x2000679d</value>
         <object_component_ref idref="oc-35b"/>
      </symbol>
      <symbol id="sm-7a3">
         <name>IntRegister</name>
         <value>0x20007299</value>
         <object_component_ref idref="oc-34c"/>
      </symbol>
      <symbol id="sm-7a4">
         <name>IntUnregister</name>
         <value>0x200071e9</value>
         <object_component_ref idref="oc-361"/>
      </symbol>
      <symbol id="sm-7a5">
         <name>IntMasterEnable</name>
         <value>0x20007787</value>
         <object_component_ref idref="oc-1af"/>
      </symbol>
      <symbol id="sm-7dc">
         <name>PinTypeGPIO</name>
         <value>0x200070b1</value>
         <object_component_ref idref="oc-16a"/>
      </symbol>
      <symbol id="sm-7dd">
         <name>PinConfigSet</name>
         <value>0x20006abd</value>
         <object_component_ref idref="oc-2b0"/>
      </symbol>
      <symbol id="sm-7de">
         <name>PinTypeSPI</name>
         <value>0x20007461</value>
         <object_component_ref idref="oc-13a"/>
      </symbol>
      <symbol id="sm-7df">
         <name>PinModeSet</name>
         <value>0x20006f89</value>
         <object_component_ref idref="oc-2aa"/>
      </symbol>
      <symbol id="sm-861">
         <name>PRCMPeripheralReset</name>
         <value>0x20006df9</value>
         <object_component_ref idref="oc-250"/>
      </symbol>
      <symbol id="sm-862">
         <name>PRCMPeripheralClkEnable</name>
         <value>0x20007009</value>
         <object_component_ref idref="oc-126"/>
      </symbol>
      <symbol id="sm-863">
         <name>PRCMPeripheralClockGet</name>
         <value>0x20006a29</value>
         <object_component_ref idref="oc-146"/>
      </symbol>
      <symbol id="sm-864">
         <name>PRCMCC3200MCUInit</name>
         <value>0x2000626d</value>
         <object_component_ref idref="oc-1bb"/>
      </symbol>
      <symbol id="sm-865">
         <name>PRCMHIBRegWrite</name>
         <value>0x2000759b</value>
         <object_component_ref idref="oc-2ed"/>
      </symbol>
      <symbol id="sm-866">
         <name>PRCMSysResetCauseGet</name>
         <value>0x20007141</value>
         <object_component_ref idref="oc-2f9"/>
      </symbol>
      <symbol id="sm-867">
         <name>PRCMPeripheralClkDisable</name>
         <value>0x200071c1</value>
         <object_component_ref idref="oc-2f3"/>
      </symbol>
      <symbol id="sm-868">
         <name>PRCMHIBRegRead</name>
         <value>0x20007585</value>
         <object_component_ref idref="oc-2e7"/>
      </symbol>
      <symbol id="sm-8e4">
         <name>SPITransfer</name>
         <value>0x20006b45</value>
         <object_component_ref idref="oc-18b"/>
      </symbol>
      <symbol id="sm-8e5">
         <name>SPICSEnable</name>
         <value>0x200074f3</value>
         <object_component_ref idref="oc-158"/>
      </symbol>
      <symbol id="sm-8e6">
         <name>SPIDisable</name>
         <value>0x2000750b</value>
         <object_component_ref idref="oc-164"/>
      </symbol>
      <symbol id="sm-8e7">
         <name>SPIEnable</name>
         <value>0x20007523</value>
         <object_component_ref idref="oc-152"/>
      </symbol>
      <symbol id="sm-8e8">
         <name>SPIConfigSetExpClk</name>
         <value>0x200068ed</value>
         <object_component_ref idref="oc-14c"/>
      </symbol>
      <symbol id="sm-8e9">
         <name>SPIReset</name>
         <value>0x20007255</value>
         <object_component_ref idref="oc-140"/>
      </symbol>
      <symbol id="sm-8ea">
         <name>SPICSDisable</name>
         <value>0x200074db</value>
         <object_component_ref idref="oc-15e"/>
      </symbol>
      <symbol id="sm-96e">
         <name>TimerLoadSet</name>
         <value>0x2000716d</value>
         <object_component_ref idref="oc-27a"/>
      </symbol>
      <symbol id="sm-96f">
         <name>TimerDisable</name>
         <value>0x200072b9</value>
         <object_component_ref idref="oc-286"/>
      </symbol>
      <symbol id="sm-970">
         <name>TimerIntRegister</name>
         <value>0x20006c49</value>
         <object_component_ref idref="oc-262"/>
      </symbol>
      <symbol id="sm-971">
         <name>TimerEnable</name>
         <value>0x200072d7</value>
         <object_component_ref idref="oc-280"/>
      </symbol>
      <symbol id="sm-972">
         <name>TimerIntUnregister</name>
         <value>0x20006d29</value>
         <object_component_ref idref="oc-292"/>
      </symbol>
      <symbol id="sm-973">
         <name>TimerIntStatus</name>
         <value>0x200072f5</value>
         <object_component_ref idref="oc-26e"/>
      </symbol>
      <symbol id="sm-974">
         <name>TimerIntDisable</name>
         <value>0x2000753b</value>
         <object_component_ref idref="oc-28c"/>
      </symbol>
      <symbol id="sm-975">
         <name>TimerValueGet</name>
         <value>0x20007411</value>
         <object_component_ref idref="oc-298"/>
      </symbol>
      <symbol id="sm-976">
         <name>TimerPrescaleSet</name>
         <value>0x20007197</value>
         <object_component_ref idref="oc-25c"/>
      </symbol>
      <symbol id="sm-977">
         <name>TimerIntEnable</name>
         <value>0x20007553</value>
         <object_component_ref idref="oc-268"/>
      </symbol>
      <symbol id="sm-978">
         <name>TimerConfigure</name>
         <value>0x20006f45</value>
         <object_component_ref idref="oc-256"/>
      </symbol>
      <symbol id="sm-979">
         <name>TimerIntClear</name>
         <value>0x2000772d</value>
         <object_component_ref idref="oc-274"/>
      </symbol>
      <symbol id="sm-97d">
         <name>UtilsDelay</name>
         <value>0x20007791</value>
         <object_component_ref idref="oc-11e"/>
      </symbol>
      <symbol id="sm-987">
         <name>CPUcpsie</name>
         <value>0x200075c5</value>
         <object_component_ref idref="oc-2dc"/>
      </symbol>
      <symbol id="sm-98b">
         <name>__TI_static_base__</name>
         <value>0x20009448</value>
      </symbol>
      <symbol id="sm-98e">
         <name>SHT$$INIT_ARRAY$$Limit</name>
         <value>0x0</value>
      </symbol>
      <symbol id="sm-98f">
         <name>SHT$$INIT_ARRAY$$Base</name>
         <value>0x0</value>
      </symbol>
   </symbol_table>
   <title>Link successful</title>
</link_info>
